Archive member included to satisfy reference by file (symbol)

c:/program files (x86)/gnu arm embedded toolchain/9 2020-q2-update/bin/../lib/gcc/arm-none-eabi/9.3.1/../../../../arm-none-eabi/lib/thumb/v7e-m+fp/hard\libc.a(lib_a-exit.o)
                              c:/program files (x86)/gnu arm embedded toolchain/9 2020-q2-update/bin/../lib/gcc/arm-none-eabi/9.3.1/../../../../arm-none-eabi/lib/thumb/v7e-m+fp/hard/crt0.o (exit)
c:/program files (x86)/gnu arm embedded toolchain/9 2020-q2-update/bin/../lib/gcc/arm-none-eabi/9.3.1/../../../../arm-none-eabi/lib/thumb/v7e-m+fp/hard\libc.a(lib_a-impure.o)
                              c:/program files (x86)/gnu arm embedded toolchain/9 2020-q2-update/bin/../lib/gcc/arm-none-eabi/9.3.1/../../../../arm-none-eabi/lib/thumb/v7e-m+fp/hard\libc.a(lib_a-exit.o) (_global_impure_ptr)
c:/program files (x86)/gnu arm embedded toolchain/9 2020-q2-update/bin/../lib/gcc/arm-none-eabi/9.3.1/../../../../arm-none-eabi/lib/thumb/v7e-m+fp/hard\libc.a(lib_a-init.o)
                              c:/program files (x86)/gnu arm embedded toolchain/9 2020-q2-update/bin/../lib/gcc/arm-none-eabi/9.3.1/../../../../arm-none-eabi/lib/thumb/v7e-m+fp/hard/crt0.o (__libc_init_array)
c:/program files (x86)/gnu arm embedded toolchain/9 2020-q2-update/bin/../lib/gcc/arm-none-eabi/9.3.1/../../../../arm-none-eabi/lib/thumb/v7e-m+fp/hard\libc.a(lib_a-malloc.o)
                              build/usbh_cdc.o (malloc)
c:/program files (x86)/gnu arm embedded toolchain/9 2020-q2-update/bin/../lib/gcc/arm-none-eabi/9.3.1/../../../../arm-none-eabi/lib/thumb/v7e-m+fp/hard\libc.a(lib_a-mallocr.o)
                              c:/program files (x86)/gnu arm embedded toolchain/9 2020-q2-update/bin/../lib/gcc/arm-none-eabi/9.3.1/../../../../arm-none-eabi/lib/thumb/v7e-m+fp/hard\libc.a(lib_a-malloc.o) (_malloc_r)
c:/program files (x86)/gnu arm embedded toolchain/9 2020-q2-update/bin/../lib/gcc/arm-none-eabi/9.3.1/../../../../arm-none-eabi/lib/thumb/v7e-m+fp/hard\libc.a(lib_a-memset.o)
                              c:/program files (x86)/gnu arm embedded toolchain/9 2020-q2-update/bin/../lib/gcc/arm-none-eabi/9.3.1/../../../../arm-none-eabi/lib/thumb/v7e-m+fp/hard/crt0.o (memset)
c:/program files (x86)/gnu arm embedded toolchain/9 2020-q2-update/bin/../lib/gcc/arm-none-eabi/9.3.1/../../../../arm-none-eabi/lib/thumb/v7e-m+fp/hard\libc.a(lib_a-mlock.o)
                              c:/program files (x86)/gnu arm embedded toolchain/9 2020-q2-update/bin/../lib/gcc/arm-none-eabi/9.3.1/../../../../arm-none-eabi/lib/thumb/v7e-m+fp/hard\libc.a(lib_a-mallocr.o) (__malloc_lock)
c:/program files (x86)/gnu arm embedded toolchain/9 2020-q2-update/bin/../lib/gcc/arm-none-eabi/9.3.1/../../../../arm-none-eabi/lib/thumb/v7e-m+fp/hard\libc.a(lib_a-sbrkr.o)
                              c:/program files (x86)/gnu arm embedded toolchain/9 2020-q2-update/bin/../lib/gcc/arm-none-eabi/9.3.1/../../../../arm-none-eabi/lib/thumb/v7e-m+fp/hard\libc.a(lib_a-mallocr.o) (_sbrk_r)
c:/program files (x86)/gnu arm embedded toolchain/9 2020-q2-update/bin/../lib/gcc/arm-none-eabi/9.3.1/../../../../arm-none-eabi/lib/thumb/v7e-m+fp/hard\libc.a(lib_a-__call_atexit.o)
                              c:/program files (x86)/gnu arm embedded toolchain/9 2020-q2-update/bin/../lib/gcc/arm-none-eabi/9.3.1/../../../../arm-none-eabi/lib/thumb/v7e-m+fp/hard\libc.a(lib_a-exit.o) (__call_exitprocs)
c:/program files (x86)/gnu arm embedded toolchain/9 2020-q2-update/bin/../lib/gcc/arm-none-eabi/9.3.1/../../../../arm-none-eabi/lib/thumb/v7e-m+fp/hard\libc.a(lib_a-atexit.o)
                              c:/program files (x86)/gnu arm embedded toolchain/9 2020-q2-update/bin/../lib/gcc/arm-none-eabi/9.3.1/../../../../arm-none-eabi/lib/thumb/v7e-m+fp/hard\libc.a(lib_a-__call_atexit.o) (atexit)
c:/program files (x86)/gnu arm embedded toolchain/9 2020-q2-update/bin/../lib/gcc/arm-none-eabi/9.3.1/../../../../arm-none-eabi/lib/thumb/v7e-m+fp/hard\libc.a(lib_a-fini.o)
                              c:/program files (x86)/gnu arm embedded toolchain/9 2020-q2-update/bin/../lib/gcc/arm-none-eabi/9.3.1/../../../../arm-none-eabi/lib/thumb/v7e-m+fp/hard\libc.a(lib_a-__call_atexit.o) (__libc_fini_array)
c:/program files (x86)/gnu arm embedded toolchain/9 2020-q2-update/bin/../lib/gcc/arm-none-eabi/9.3.1/../../../../arm-none-eabi/lib/thumb/v7e-m+fp/hard\libc.a(lib_a-freer.o)
                              c:/program files (x86)/gnu arm embedded toolchain/9 2020-q2-update/bin/../lib/gcc/arm-none-eabi/9.3.1/../../../../arm-none-eabi/lib/thumb/v7e-m+fp/hard\libc.a(lib_a-malloc.o) (_free_r)
c:/program files (x86)/gnu arm embedded toolchain/9 2020-q2-update/bin/../lib/gcc/arm-none-eabi/9.3.1/../../../../arm-none-eabi/lib/thumb/v7e-m+fp/hard\libc.a(lib_a-lock.o)
[...]
Memory Configuration

Name             Origin             Length             Attributes
RAM              0x20000000         0x00020000         xrw
CCMRAM           0x10000000         0x00010000         xrw
FLASH            0x08000000         0x00100000         xr
*default*        0x00000000         0xffffffff

Linker script and memory map

LOAD c:/program files (x86)/gnu arm embedded toolchain/9 2020-q2-update/bin/../lib/gcc/arm-none-eabi/9.3.1/thumb/v7e-m+fp/hard/crti.o
LOAD c:/program files (x86)/gnu arm embedded toolchain/9 2020-q2-update/bin/../lib/gcc/arm-none-eabi/9.3.1/thumb/v7e-m+fp/hard/crtbegin.o
LOAD c:/program files (x86)/gnu arm embedded toolchain/9 2020-q2-update/bin/../lib/gcc/arm-none-eabi/9.3.1/../../../../arm-none-eabi/lib/thumb/v7e-m+fp/hard/crt0.o
LOAD build/stm32f4xx_hal.o
LOAD build/stm32f4xx_hal_cortex.o
LOAD build/stm32f4xx_hal_dma.o
LOAD build/stm32f4xx_hal_dma_ex.o
LOAD build/stm32f4xx_hal_exti.o
LOAD build/stm32f4xx_hal_flash.o
LOAD build/stm32f4xx_hal_flash_ex.o
LOAD build/stm32f4xx_hal_flash_ramfunc.o
LOAD build/stm32f4xx_hal_gpio.o
LOAD build/stm32f4xx_hal_hcd.o
LOAD build/stm32f4xx_hal_i2c.o
LOAD build/stm32f4xx_hal_i2c_ex.o
LOAD build/stm32f4xx_hal_i2s.o
LOAD build/stm32f4xx_hal_i2s_ex.o
LOAD build/stm32f4xx_hal_pwr.o
LOAD build/stm32f4xx_hal_pwr_ex.o
LOAD build/stm32f4xx_hal_rcc.o
LOAD build/stm32f4xx_hal_rcc_ex.o
LOAD build/stm32f4xx_hal_spi.o
LOAD build/stm32f4xx_hal_tim.o
LOAD build/stm32f4xx_hal_tim_ex.o
LOAD build/stm32f4xx_ll_usb.o
LOAD build/usbh_cdc.o
LOAD build/usbh_core.o
LOAD build/usbh_ctlreq.o
LOAD build/usbh_ioreq.o
LOAD build/usbh_pipes.o
LOAD build/main.o
LOAD build/stm32f4xx_hal_msp.o
LOAD build/stm32f4xx_it.o
LOAD build/system_stm32f4xx.o
LOAD build/usb_host.o
LOAD build/usbh_conf.o
LOAD build/usbh_platform.o
LOAD build/startup_stm32f407xx.o
LOAD c:/program files (x86)/gnu arm embedded toolchain/9 2020-q2-update/bin/../lib/gcc/arm-none-eabi/9.3.1/../../../../arm-none-eabi/lib/thumb/v7e-m+fp/hard\libc.a
LOAD c:/program files (x86)/gnu arm embedded toolchain/9 2020-q2-update/bin/../lib/gcc/arm-none-eabi/9.3.1/../../../../arm-none-eabi/lib/thumb/v7e-m+fp/hard\libm.a
LOAD c:/program files (x86)/gnu arm embedded toolchain/9 2020-q2-update/bin/../lib/gcc/arm-none-eabi/9.3.1/../../../../arm-none-eabi/lib/thumb/v7e-m+fp/hard\libnosys.a
START GROUP
LOAD c:/program files (x86)/gnu arm embedded toolchain/9 2020-q2-update/bin/../lib/gcc/arm-none-eabi/9.3.1/thumb/v7e-m+fp/hard\libgcc.a
LOAD c:/program files (x86)/gnu arm embedded toolchain/9 2020-q2-update/bin/../lib/gcc/arm-none-eabi/9.3.1/../../../../arm-none-eabi/lib/thumb/v7e-m+fp/hard\libc.a
END GROUP
START GROUP
LOAD c:/program files (x86)/gnu arm embedded toolchain/9 2020-q2-update/bin/../lib/gcc/arm-none-eabi/9.3.1/thumb/v7e-m+fp/hard\libgcc.a
LOAD c:/program files (x86)/gnu arm embedded toolchain/9 2020-q2-update/bin/../lib/gcc/arm-none-eabi/9.3.1/../../../../arm-none-eabi/lib/thumb/v7e-m+fp/hard\libc.a
LOAD c:/program files (x86)/gnu arm embedded toolchain/9 2020-q2-update/bin/../lib/gcc/arm-none-eabi/9.3.1/../../../../arm-none-eabi/lib/thumb/v7e-m+fp/hard\libnosys.a
END GROUP
LOAD c:/program files (x86)/gnu arm embedded toolchain/9 2020-q2-update/bin/../lib/gcc/arm-none-eabi/9.3.1/thumb/v7e-m+fp/hard/crtend.o
LOAD c:/program files (x86)/gnu arm embedded toolchain/9 2020-q2-update/bin/../lib/gcc/arm-none-eabi/9.3.1/thumb/v7e-m+fp/hard/crtn.o
                0x20020000                _estack = 0x20020000
                0x00000200                _Min_Heap_Size = 0x200
                0x00000400                _Min_Stack_Size = 0x400

.isr_vector     0x08000000      0x188
                0x08000000                . = ALIGN (0x4)
 *(.isr_vector)
 .isr_vector    0x08000000      0x188 build/startup_stm32f407xx.o
                0x08000000                g_pfnVectors
                0x08000188                . = ALIGN (0x4)

.text           0x08000188     0x4de8
                0x08000188                . = ALIGN (0x4)
 *(.text)
 .text          0x08000188       0x40 c:/program files (x86)/gnu arm embedded toolchain/9 2020-q2-update/bin/../lib/gcc/arm-none-eabi/9.3.1/thumb/v7e-m+fp/hard/crtbegin.o
 .text          0x080001c8       0x30 c:/program files (x86)/gnu arm embedded toolchain/9 2020-q2-update/bin/../lib/gcc/arm-none-eabi/9.3.1/thumb/v7e-m+fp/hard\libgcc.a(_aeabi_uldivmod.o)
                0x080001c8                __aeabi_uldivmod
 .text          0x080001f8      0x2c4 c:/program files (x86)/gnu arm embedded toolchain/9 2020-q2-update/bin/../lib/gcc/arm-none-eabi/9.3.1/thumb/v7e-m+fp/hard\libgcc.a(_udivmoddi4.o)
                0x080001f8                __udivmoddi4
 .text          0x080004bc        0x4 c:/program files (x86)/gnu arm embedded toolchain/9 2020-q2-update/bin/../lib/gcc/arm-none-eabi/9.3.1/thumb/v7e-m+fp/hard\libgcc.a(_dvmd_tls.o)
                0x080004bc                __aeabi_idiv0
                0x080004bc                __aeabi_ldiv0
 *(.text*)
 .text.HAL_InitTick
                0x080004c0       0x4c build/stm32f4xx_hal.o
                0x080004c0                HAL_InitTick
 .text.HAL_Init
                0x0800050c       0x34 build/stm32f4xx_hal.o
                0x0800050c                HAL_Init
 .text.HAL_IncTick
                0x08000540       0x18 build/stm32f4xx_hal.o
                0x08000540                HAL_IncTick
 .text.HAL_GetTick
                0x08000558        0xc build/stm32f4xx_hal.o
                0x08000558                HAL_GetTick
 .text.HAL_Delay
                0x08000564       0x28 build/stm32f4xx_hal.o
                0x08000564                HAL_Delay
 .text.HAL_NVIC_SetPriorityGrouping
                0x0800058c       0x24 build/stm32f4xx_hal_cortex.o
                0x0800058c                HAL_NVIC_SetPriorityGrouping
 .text.HAL_NVIC_SetPriority
                0x080005b0       0x68 build/stm32f4xx_hal_cortex.o
                0x080005b0                HAL_NVIC_SetPriority
 .text.HAL_NVIC_EnableIRQ
                0x08000618       0x1c build/stm32f4xx_hal_cortex.o
                0x08000618                HAL_NVIC_EnableIRQ
 .text.HAL_SYSTICK_Config
                0x08000634       0x2c build/stm32f4xx_hal_cortex.o
                0x08000634                HAL_SYSTICK_Config
 .text.HAL_GPIO_Init
                0x08000660      0x1cc build/stm32f4xx_hal_gpio.o
                0x08000660                HAL_GPIO_Init
 .text.HAL_GPIO_WritePin
                0x0800082c        0xc build/stm32f4xx_hal_gpio.o
                0x0800082c                HAL_GPIO_WritePin
 .text.HCD_RXQLVL_IRQHandler
                0x08000838       0x84 build/stm32f4xx_hal_hcd.o
 .text.HAL_HCD_HC_Init
                0x080008bc       0x96 build/stm32f4xx_hal_hcd.o
                0x080008bc                HAL_HCD_HC_Init
 .text.HAL_HCD_HC_Halt
                0x08000952       0x24 build/stm32f4xx_hal_hcd.o
                0x08000952                HAL_HCD_HC_Halt
 .text.HAL_HCD_Init
                0x08000976       0x94 build/stm32f4xx_hal_hcd.o
                0x08000976                HAL_HCD_Init
 .text.HAL_HCD_HC_SubmitRequest
                0x08000a0a      0x192 build/stm32f4xx_hal_hcd.o
                0x08000a0a                HAL_HCD_HC_SubmitRequest
 .text.HCD_Port_IRQHandler
                0x08000b9c       0xb0 build/stm32f4xx_hal_hcd.o
 .text.HCD_HC_IN_IRQHandler
                0x08000c4c      0x328 build/stm32f4xx_hal_hcd.o
 .text.HCD_HC_OUT_IRQHandler
                0x08000f74      0x2b0 build/stm32f4xx_hal_hcd.o
 .text.HAL_HCD_IRQHandler
                0x08001224      0x146 build/stm32f4xx_hal_hcd.o
                0x08001224                HAL_HCD_IRQHandler
 .text.HAL_HCD_Start
                0x0800136a       0x2c build/stm32f4xx_hal_hcd.o
                0x0800136a                HAL_HCD_Start
 .text.HAL_HCD_Stop
                0x08001396       0x24 build/stm32f4xx_hal_hcd.o
                0x08001396                HAL_HCD_Stop
 .text.HAL_HCD_ResetPort
                0x080013ba        0xa build/stm32f4xx_hal_hcd.o
                0x080013ba                HAL_HCD_ResetPort
 .text.HAL_HCD_HC_GetURBState
                0x080013c4        0xe build/stm32f4xx_hal_hcd.o
                0x080013c4                HAL_HCD_HC_GetURBState
 .text.HAL_HCD_HC_GetXferCount
                0x080013d2        0xc build/stm32f4xx_hal_hcd.o
                0x080013d2                HAL_HCD_HC_GetXferCount
 .text.HAL_HCD_GetCurrentFrame
                0x080013de        0xa build/stm32f4xx_hal_hcd.o
                0x080013de                HAL_HCD_GetCurrentFrame
 .text.HAL_HCD_GetCurrentSpeed
                0x080013e8        0xa build/stm32f4xx_hal_hcd.o
                0x080013e8                HAL_HCD_GetCurrentSpeed
 *fill*         0x080013f2        0x2 
 .text.HAL_I2C_Init
                0x080013f4      0x1bc build/stm32f4xx_hal_i2c.o
                0x080013f4                HAL_I2C_Init
 .text.HAL_I2S_Init
                0x080015b0      0x19c build/stm32f4xx_hal_i2s.o
                0x080015b0                HAL_I2S_Init
 .text.HAL_I2S_TxCpltCallback
                0x0800174c        0x2 build/stm32f4xx_hal_i2s.o
                0x0800174c                HAL_I2S_TxCpltCallback
 .text.I2S_Transmit_IT
                0x0800174e       0x38 build/stm32f4xx_hal_i2s.o
 .text.HAL_I2S_RxCpltCallback
                0x08001786        0x2 build/stm32f4xx_hal_i2s.o
                0x08001786                HAL_I2S_RxCpltCallback
 .text.I2S_Receive_IT
                0x08001788       0x38 build/stm32f4xx_hal_i2s.o
 .text.HAL_I2S_ErrorCallback
                0x080017c0        0x2 build/stm32f4xx_hal_i2s.o
                0x080017c0                HAL_I2S_ErrorCallback
 .text.I2S_IRQHandler
                0x080017c2       0xd0 build/stm32f4xx_hal_i2s.o
 .text.HAL_I2SEx_TxRxCpltCallback
                0x08001892        0x2 build/stm32f4xx_hal_i2s_ex.o
                0x08001892                HAL_I2SEx_TxRxCpltCallback
 .text.I2SEx_TxISR_I2S
                0x08001894       0x3c build/stm32f4xx_hal_i2s_ex.o
 .text.I2SEx_RxISR_I2SExt
                0x080018d0       0x64 build/stm32f4xx_hal_i2s_ex.o
 .text.I2SEx_TxISR_I2SExt
                0x08001934       0x64 build/stm32f4xx_hal_i2s_ex.o
 .text.I2SEx_RxISR_I2S
                0x08001998       0x3c build/stm32f4xx_hal_i2s_ex.o
 .text.HAL_I2SEx_FullDuplex_IRQHandler
                0x080019d4      0x1d8 build/stm32f4xx_hal_i2s_ex.o
                0x080019d4                HAL_I2SEx_FullDuplex_IRQHandler
 .text.HAL_RCC_OscConfig
                0x08001bac      0x3ec build/stm32f4xx_hal_rcc.o
                0x08001bac                HAL_RCC_OscConfig
 .text.HAL_RCC_GetSysClockFreq
                0x08001f98       0xcc build/stm32f4xx_hal_rcc.o
                0x08001f98                HAL_RCC_GetSysClockFreq
 .text.HAL_RCC_ClockConfig
                0x08002064      0x160 build/stm32f4xx_hal_rcc.o
                0x08002064                HAL_RCC_ClockConfig
 .text.HAL_RCC_GetHCLKFreq
                0x080021c4        0xc build/stm32f4xx_hal_rcc.o
                0x080021c4                HAL_RCC_GetHCLKFreq
 .text.HAL_RCC_GetPCLK1Freq
                0x080021d0       0x20 build/stm32f4xx_hal_rcc.o
                0x080021d0                HAL_RCC_GetPCLK1Freq
 .text.HAL_RCCEx_PeriphCLKConfig
                0x080021f0      0x154 build/stm32f4xx_hal_rcc_ex.o
                0x080021f0                HAL_RCCEx_PeriphCLKConfig
 .text.HAL_RCCEx_GetPeriphCLKFreq
                0x08002344       0x74 build/stm32f4xx_hal_rcc_ex.o
                0x08002344                HAL_RCCEx_GetPeriphCLKFreq
 .text.HAL_SPI_Init
                0x080023b8       0x80 build/stm32f4xx_hal_spi.o
                0x080023b8                HAL_SPI_Init
 .text.USB_CoreReset
                0x08002438       0x3c build/stm32f4xx_ll_usb.o
 .text.USB_CoreInit
                0x08002474       0x8a build/stm32f4xx_ll_usb.o
                0x08002474                USB_CoreInit
 .text.USB_EnableGlobalInt
                0x080024fe        0xc build/stm32f4xx_ll_usb.o
                0x080024fe                USB_EnableGlobalInt
 .text.USB_DisableGlobalInt
                0x0800250a        0xc build/stm32f4xx_ll_usb.o
                0x0800250a                USB_DisableGlobalInt
 .text.USB_SetCurrentMode
                0x08002516       0x30 build/stm32f4xx_ll_usb.o
                0x08002516                USB_SetCurrentMode
 *fill*         0x08002546        0x2 
 .text.USB_FlushTxFifo
                0x08002548       0x28 build/stm32f4xx_ll_usb.o
                0x08002548                USB_FlushTxFifo
 .text.USB_FlushRxFifo
                0x08002570       0x24 build/stm32f4xx_ll_usb.o
                0x08002570                USB_FlushRxFifo
 .text.USB_WritePacket
                0x08002594       0x28 build/stm32f4xx_ll_usb.o
                0x08002594                USB_WritePacket
 .text.USB_ReadPacket
                0x080025bc       0x22 build/stm32f4xx_ll_usb.o
                0x080025bc                USB_ReadPacket
 .text.USB_ReadInterrupts
                0x080025de        0x8 build/stm32f4xx_ll_usb.o
                0x080025de                USB_ReadInterrupts
 .text.USB_GetMode
                0x080025e6        0x8 build/stm32f4xx_ll_usb.o
                0x080025e6                USB_GetMode
 .text.USB_InitFSLSPClkSel
                0x080025ee       0x40 build/stm32f4xx_ll_usb.o
                0x080025ee                USB_InitFSLSPClkSel
 .text.USB_ResetPort
                0x0800262e       0x3e build/stm32f4xx_ll_usb.o
                0x0800262e                USB_ResetPort
 .text.USB_DriveVbus
                0x0800266c       0x46 build/stm32f4xx_ll_usb.o
                0x0800266c                USB_DriveVbus
 *fill*         0x080026b2        0x2 
 .text.USB_HostInit
                0x080026b4       0xfc build/stm32f4xx_ll_usb.o
                0x080026b4                USB_HostInit
 .text.USB_GetHostSpeed
                0x080027b0       0x16 build/stm32f4xx_ll_usb.o
                0x080027b0                USB_GetHostSpeed
 .text.USB_GetCurrentFrame
                0x080027c6        0xa build/stm32f4xx_ll_usb.o
                0x080027c6                USB_GetCurrentFrame
 .text.USB_HC_Init
                0x080027d0      0x108 build/stm32f4xx_ll_usb.o
                0x080027d0                USB_HC_Init
 .text.USB_HC_ReadInterrupt
                0x080028d8        0xa build/stm32f4xx_ll_usb.o
                0x080028d8                USB_HC_ReadInterrupt
 .text.USB_HC_Halt
                0x080028e2       0xd0 build/stm32f4xx_ll_usb.o
                0x080028e2                USB_HC_Halt
 *fill*         0x080029b2        0x2 
 .text.USB_DoPing
                0x080029b4       0x24 build/stm32f4xx_ll_usb.o
                0x080029b4                USB_DoPing
 .text.USB_HC_StartXfer
                0x080029d8      0x158 build/stm32f4xx_ll_usb.o
                0x080029d8                USB_HC_StartXfer
 .text.USB_StopHost
                0x08002b30       0x7e build/stm32f4xx_ll_usb.o
                0x08002b30                USB_StopHost
 .text.USBH_CDC_SOFProcess
                0x08002bae        0x4 build/usbh_cdc.o
 .text.SetLineCoding
                0x08002bb2       0x1a build/usbh_cdc.o
 .text.GetLineCoding
                0x08002bcc       0x1a build/usbh_cdc.o
 .text.USBH_CDC_ClassRequest
                0x08002be6       0x22 build/usbh_cdc.o
 .text.USBH_CDC_InterfaceDeInit
                0x08002c08       0x68 build/usbh_cdc.o
 .text.USBH_CDC_InterfaceInit
                0x08002c70      0x186 build/usbh_cdc.o
 .text.USBH_CDC_TransmitCallback
                0x08002df6        0x2 build/usbh_cdc.o
                0x08002df6                USBH_CDC_TransmitCallback
 .text.CDC_ProcessTransmission
                0x08002df8       0x94 build/usbh_cdc.o
 .text.USBH_CDC_ReceiveCallback
                0x08002e8c        0x2 build/usbh_cdc.o
                0x08002e8c                USBH_CDC_ReceiveCallback
 .text.CDC_ProcessReception
                0x08002e8e       0x68 build/usbh_cdc.o
 .text.USBH_CDC_LineCodingChanged
                0x08002ef6        0x2 build/usbh_cdc.o
                0x08002ef6                USBH_CDC_LineCodingChanged
 .text.USBH_CDC_Process
                0x08002ef8       0xb2 build/usbh_cdc.o
 .text.DeInitStateMachine
                0x08002faa       0x5a build/usbh_core.o
 .text.USBH_HandleSof
                0x08003004       0x1a build/usbh_core.o
 .text.USBH_HandleEnum
                0x0800301e      0x26e build/usbh_core.o
 .text.USBH_Init
                0x0800328c       0x3e build/usbh_core.o
                0x0800328c                USBH_Init
 .text.USBH_RegisterClass
                0x080032ca       0x22 build/usbh_core.o
                0x080032ca                USBH_RegisterClass
 .text.USBH_SelectInterface
                0x080032ec       0x14 build/usbh_core.o
                0x080032ec                USBH_SelectInterface
 .text.USBH_FindInterface
                0x08003300       0x50 build/usbh_core.o
                0x08003300                USBH_FindInterface
 .text.USBH_Start
                0x08003350       0x14 build/usbh_core.o
                0x08003350                USBH_Start
 .text.USBH_Process
                0x08003364      0x280 build/usbh_core.o
                0x08003364                USBH_Process
 .text.USBH_LL_SetTimer
                0x080035e4        0x6 build/usbh_core.o
                0x080035e4                USBH_LL_SetTimer
 .text.USBH_LL_IncTimer
                0x080035ea       0x12 build/usbh_core.o
                0x080035ea                USBH_LL_IncTimer
 .text.USBH_LL_PortEnabled
                0x080035fc        0x8 build/usbh_core.o
                0x080035fc                USBH_LL_PortEnabled
 .text.USBH_LL_PortDisabled
                0x08003604        0x8 build/usbh_core.o
                0x08003604                USBH_LL_PortDisabled
 .text.USBH_LL_Connect
                0x0800360c       0x14 build/usbh_core.o
                0x0800360c                USBH_LL_Connect
 .text.USBH_LL_Disconnect
                0x08003620       0x2c build/usbh_core.o
                0x08003620                USBH_LL_Disconnect
 .text.USBH_ParseDevDesc
                0x0800364c       0x5c build/usbh_ctlreq.o
 .text.USBH_ParseInterfaceDesc
                0x080036a8       0x26 build/usbh_ctlreq.o
 .text.USBH_ParseEPDesc
                0x080036ce       0x20 build/usbh_ctlreq.o
 .text.USBH_ParseStringDesc
                0x080036ee       0x3c build/usbh_ctlreq.o
 .text.USBH_HandleControl
                0x0800372a      0x1d8 build/usbh_ctlreq.o
 .text.USBH_GetNextDesc
                0x08003902        0xe build/usbh_ctlreq.o
                0x08003902                USBH_GetNextDesc
 .text.USBH_ParseCfgDesc
                0x08003910       0xc2 build/usbh_ctlreq.o
 .text.USBH_CtlReq
                0x080039d2       0x40 build/usbh_ctlreq.o
                0x080039d2                USBH_CtlReq
 .text.USBH_GetDescriptor
                0x08003a12       0x3e build/usbh_ctlreq.o
                0x08003a12                USBH_GetDescriptor
 .text.USBH_Get_DevDesc
                0x08003a50       0x32 build/usbh_ctlreq.o
                0x08003a50                USBH_Get_DevDesc
 .text.USBH_Get_CfgDesc
                0x08003a82       0x32 build/usbh_ctlreq.o
                0x08003a82                USBH_Get_CfgDesc
 .text.USBH_Get_StringDesc
                0x08003ab4       0x30 build/usbh_ctlreq.o
                0x08003ab4                USBH_Get_StringDesc
 .text.USBH_SetAddress
                0x08003ae4       0x22 build/usbh_ctlreq.o
                0x08003ae4                USBH_SetAddress
 .text.USBH_SetCfg
                0x08003b06       0x22 build/usbh_ctlreq.o
                0x08003b06                USBH_SetCfg
 .text.USBH_SetFeature
                0x08003b28       0x22 build/usbh_ctlreq.o
                0x08003b28                USBH_SetFeature
 .text.USBH_ClrFeature
                0x08003b4a       0x24 build/usbh_ctlreq.o
                0x08003b4a                USBH_ClrFeature
 .text.USBH_CtlSendSetup
                0x08003b6e       0x22 build/usbh_ioreq.o
                0x08003b6e                USBH_CtlSendSetup
 .text.USBH_CtlSendData
                0x08003b90       0x2c build/usbh_ioreq.o
                0x08003b90                USBH_CtlSendData
 .text.USBH_CtlReceiveData
                0x08003bbc       0x20 build/usbh_ioreq.o
                0x08003bbc                USBH_CtlReceiveData
 .text.USBH_BulkSendData
                0x08003bdc       0x2c build/usbh_ioreq.o
                0x08003bdc                USBH_BulkSendData
 .text.USBH_BulkReceiveData
                0x08003c08       0x20 build/usbh_ioreq.o
                0x08003c08                USBH_BulkReceiveData
 .text.USBH_GetFreePipe
                0x08003c28       0x26 build/usbh_pipes.o
 .text.USBH_OpenPipe
                0x08003c4e       0x20 build/usbh_pipes.o
                0x08003c4e                USBH_OpenPipe
 .text.USBH_ClosePipe
                0x08003c6e        0xa build/usbh_pipes.o
                0x08003c6e                USBH_ClosePipe
 .text.USBH_AllocPipe
                0x08003c78       0x26 build/usbh_pipes.o
                0x08003c78                USBH_AllocPipe
 .text.USBH_FreePipe
                0x08003c9e       0x16 build/usbh_pipes.o
                0x08003c9e                USBH_FreePipe
 .text.MX_GPIO_Init
                0x08003cb4      0x18c build/main.o
 .text.MX_I2C1_Init
                0x08003e40       0x34 build/main.o
 .text.MX_I2S3_Init
                0x08003e74       0x34 build/main.o
 .text.MX_SPI1_Init
                0x08003ea8       0x38 build/main.o
 .text.SystemClock_Config
                0x08003ee0       0xb0 build/main.o
                0x08003ee0                SystemClock_Config
 .text.main     0x08003f90       0x24 build/main.o
                0x08003f90                main
 .text.Error_Handler
                0x08003fb4        0x2 build/main.o
                0x08003fb4                Error_Handler
 *fill*         0x08003fb6        0x2 
 .text.HAL_MspInit
                0x08003fb8       0x40 build/stm32f4xx_hal_msp.o
                0x08003fb8                HAL_MspInit
 .text.HAL_I2C_MspInit
                0x08003ff8       0x70 build/stm32f4xx_hal_msp.o
                0x08003ff8                HAL_I2C_MspInit
 .text.HAL_I2S_MspInit
                0x08004068       0x9c build/stm32f4xx_hal_msp.o
                0x08004068                HAL_I2S_MspInit
 .text.HAL_SPI_MspInit
                0x08004104       0x70 build/stm32f4xx_hal_msp.o
                0x08004104                HAL_SPI_MspInit
 .text.NMI_Handler
                0x08004174        0x2 build/stm32f4xx_it.o
                0x08004174                NMI_Handler
 .text.HardFault_Handler
                0x08004176        0x2 build/stm32f4xx_it.o
                0x08004176                HardFault_Handler
 .text.MemManage_Handler
                0x08004178        0x2 build/stm32f4xx_it.o
                0x08004178                MemManage_Handler
 .text.BusFault_Handler
                0x0800417a        0x2 build/stm32f4xx_it.o
                0x0800417a                BusFault_Handler
 .text.UsageFault_Handler
                0x0800417c        0x2 build/stm32f4xx_it.o
                0x0800417c                UsageFault_Handler
 .text.SVC_Handler
                0x0800417e        0x2 build/stm32f4xx_it.o
                0x0800417e                SVC_Handler
 .text.DebugMon_Handler
                0x08004180        0x2 build/stm32f4xx_it.o
                0x08004180                DebugMon_Handler
 .text.PendSV_Handler
                0x08004182        0x2 build/stm32f4xx_it.o
                0x08004182                PendSV_Handler
 .text.SysTick_Handler
                0x08004184        0x8 build/stm32f4xx_it.o
                0x08004184                SysTick_Handler
 .text.OTG_FS_IRQHandler
                0x0800418c       0x10 build/stm32f4xx_it.o
                0x0800418c                OTG_FS_IRQHandler
 .text.SystemInit
                0x0800419c       0x1c build/system_stm32f4xx.o
                0x0800419c                SystemInit
 .text.USBH_UserProcess
                0x080041b8       0x2c build/usb_host.o
 .text.MX_USB_HOST_Init
                0x080041e4       0x40 build/usb_host.o
                0x080041e4                MX_USB_HOST_Init
 .text.MX_USB_HOST_Process
                0x08004224       0x10 build/usb_host.o
                0x08004224                MX_USB_HOST_Process
 .text.HAL_HCD_MspInit
                0x08004234       0x98 build/usbh_conf.o
                0x08004234                HAL_HCD_MspInit
 .text.HAL_HCD_SOF_Callback
                0x080042cc        0xc build/usbh_conf.o
                0x080042cc                HAL_HCD_SOF_Callback
 .text.HAL_HCD_Connect_Callback
                0x080042d8        0xc build/usbh_conf.o
                0x080042d8                HAL_HCD_Connect_Callback
 .text.HAL_HCD_Disconnect_Callback
                0x080042e4        0xc build/usbh_conf.o
                0x080042e4                HAL_HCD_Disconnect_Callback
 .text.HAL_HCD_HC_NotifyURBChange_Callback
                0x080042f0        0x2 build/usbh_conf.o
                0x080042f0                HAL_HCD_HC_NotifyURBChange_Callback
 .text.HAL_HCD_PortEnabled_Callback
                0x080042f2        0xc build/usbh_conf.o
                0x080042f2                HAL_HCD_PortEnabled_Callback
 .text.HAL_HCD_PortDisabled_Callback
                0x080042fe        0xc build/usbh_conf.o
                0x080042fe                HAL_HCD_PortDisabled_Callback
 *fill*         0x0800430a        0x2 
 .text.USBH_LL_Init
                0x0800430c       0x54 build/usbh_conf.o
                0x0800430c                USBH_LL_Init
 .text.USBH_LL_GetSpeed
                0x08004360       0x20 build/usbh_conf.o
                0x08004360                USBH_LL_GetSpeed
 .text.USBH_LL_GetLastXferSize
                0x08004380        0xc build/usbh_conf.o
                0x08004380                USBH_LL_GetLastXferSize
 .text.USBH_LL_GetURBState
                0x0800438c        0xc build/usbh_conf.o
                0x0800438c                USBH_LL_GetURBState
 .text.USBH_LL_DriverVBUS
                0x08004398       0x1c build/usbh_conf.o
                0x08004398                USBH_LL_DriverVBUS
 .text.USBH_LL_SetToggle
                0x080043b4       0x30 build/usbh_conf.o
                0x080043b4                USBH_LL_SetToggle
 .text.USBH_Delay
                0x080043e4        0x8 build/usbh_conf.o
                0x080043e4                USBH_Delay
 .text.USBH_Get_USB_Status
                0x080043ec       0x14 build/usbh_conf.o
                0x080043ec                USBH_Get_USB_Status
 .text.USBH_LL_Start
                0x08004400       0x10 build/usbh_conf.o
                0x08004400                USBH_LL_Start
 .text.USBH_LL_Stop
                0x08004410       0x10 build/usbh_conf.o
                0x08004410                USBH_LL_Stop
 .text.USBH_LL_ResetPort
                0x08004420       0x10 build/usbh_conf.o
                0x08004420                USBH_LL_ResetPort
 .text.USBH_LL_OpenPipe
                0x08004430       0x26 build/usbh_conf.o
                0x08004430                USBH_LL_OpenPipe
 .text.USBH_LL_ClosePipe
                0x08004456       0x10 build/usbh_conf.o
                0x08004456                USBH_LL_ClosePipe
 .text.USBH_LL_SubmitURB
                0x08004466       0x2a build/usbh_conf.o
                0x08004466                USBH_LL_SubmitURB
 .text.MX_DriverVbusFS
                0x08004490       0x18 build/usbh_platform.o
                0x08004490                MX_DriverVbusFS
 .text.Reset_Handler
                0x080044a8       0x50 build/startup_stm32f407xx.o
                0x080044a8                Reset_Handler
 .text.Default_Handler
                0x080044f8        0x2 build/startup_stm32f407xx.o
                0x080044f8                RTC_Alarm_IRQHandler
                0x080044f8                HASH_RNG_IRQHandler
                0x080044f8                EXTI2_IRQHandler
                0x080044f8                TIM8_CC_IRQHandler
                0x080044f8                TIM1_CC_IRQHandler
                0x080044f8                DMA2_Stream5_IRQHandler
                0x080044f8                DMA1_Stream5_IRQHandler
                0x080044f8                PVD_IRQHandler
                0x080044f8                SDIO_IRQHandler
                0x080044f8                TAMP_STAMP_IRQHandler
                0x080044f8                CAN2_RX1_IRQHandler
                0x080044f8                EXTI3_IRQHandler
                0x080044f8                TIM8_TRG_COM_TIM14_IRQHandler
                0x080044f8                TIM1_UP_TIM10_IRQHandler
                0x080044f8                TIM8_UP_TIM13_IRQHandler
                0x080044f8                I2C3_ER_IRQHandler
                0x080044f8                EXTI0_IRQHandler
                0x080044f8                I2C2_EV_IRQHandler
                0x080044f8                DMA1_Stream2_IRQHandler
                0x080044f8                CAN1_RX0_IRQHandler
                0x080044f8                FPU_IRQHandler
                0x080044f8                OTG_HS_WKUP_IRQHandler
                0x080044f8                CAN2_SCE_IRQHandler
                0x080044f8                DMA2_Stream2_IRQHandler
                0x080044f8                SPI1_IRQHandler
                0x080044f8                TIM6_DAC_IRQHandler
                0x080044f8                TIM1_BRK_TIM9_IRQHandler
                0x080044f8                DCMI_IRQHandler
                0x080044f8                CAN2_RX0_IRQHandler
                0x080044f8                DMA2_Stream3_IRQHandler
                0x080044f8                USART6_IRQHandler
                0x080044f8                USART3_IRQHandler
                0x080044f8                CAN1_RX1_IRQHandler
                0x080044f8                UART5_IRQHandler
                0x080044f8                DMA2_Stream0_IRQHandler
                0x080044f8                TIM4_IRQHandler
                0x080044f8                I2C1_EV_IRQHandler
                0x080044f8                DMA1_Stream6_IRQHandler
                0x080044f8                DMA1_Stream1_IRQHandler
                0x080044f8                UART4_IRQHandler
                0x080044f8                TIM3_IRQHandler
                0x080044f8                RCC_IRQHandler
                0x080044f8                TIM8_BRK_TIM12_IRQHandler
                0x080044f8                Default_Handler
                0x080044f8                EXTI15_10_IRQHandler
                0x080044f8                ADC_IRQHandler
                0x080044f8                DMA1_Stream7_IRQHandler
                0x080044f8                TIM7_IRQHandler
                0x080044f8                CAN2_TX_IRQHandler
                0x080044f8                TIM5_IRQHandler
                0x080044f8                DMA2_Stream7_IRQHandler
                0x080044f8                I2C3_EV_IRQHandler
                0x080044f8                EXTI9_5_IRQHandler
                0x080044f8                RTC_WKUP_IRQHandler
                0x080044f8                ETH_WKUP_IRQHandler
                0x080044f8                SPI2_IRQHandler
                0x080044f8                OTG_HS_EP1_IN_IRQHandler
                0x080044f8                DMA1_Stream0_IRQHandler
                0x080044f8                CAN1_TX_IRQHandler
                0x080044f8                EXTI4_IRQHandler
                0x080044f8                FSMC_IRQHandler
                0x080044f8                ETH_IRQHandler
                0x080044f8                OTG_HS_EP1_OUT_IRQHandler
                0x080044f8                WWDG_IRQHandler
                0x080044f8                TIM2_IRQHandler
                0x080044f8                OTG_FS_WKUP_IRQHandler
                0x080044f8                TIM1_TRG_COM_TIM11_IRQHandler
                0x080044f8                OTG_HS_IRQHandler
                0x080044f8                EXTI1_IRQHandler
                0x080044f8                USART2_IRQHandler
                0x080044f8                I2C2_ER_IRQHandler
                0x080044f8                DMA2_Stream1_IRQHandler
                0x080044f8                CAN1_SCE_IRQHandler
                0x080044f8                FLASH_IRQHandler
                0x080044f8                DMA2_Stream4_IRQHandler
                0x080044f8                USART1_IRQHandler
                0x080044f8                SPI3_IRQHandler
                0x080044f8                DMA1_Stream4_IRQHandler
                0x080044f8                I2C1_ER_IRQHandler
                0x080044f8                DMA2_Stream6_IRQHandler
                0x080044f8                DMA1_Stream3_IRQHandler
 *fill*         0x080044fa        0x2 
 .text.__libc_init_array
                0x080044fc       0x48 c:/program files (x86)/gnu arm embedded toolchain/9 2020-q2-update/bin/../lib/gcc/arm-none-eabi/9.3.1/../../../../arm-none-eabi/lib/thumb/v7e-m+fp/hard\libc.a(lib_a-init.o)
                0x080044fc                __libc_init_array
 .text.malloc   0x08004544       0x10 c:/program files (x86)/gnu arm embedded toolchain/9 2020-q2-update/bin/../lib/gcc/arm-none-eabi/9.3.1/../../../../arm-none-eabi/lib/thumb/v7e-m+fp/hard\libc.a(lib_a-malloc.o)
                0x08004544                malloc
 .text.free     0x08004554       0x10 c:/program files (x86)/gnu arm embedded toolchain/9 2020-q2-update/bin/../lib/gcc/arm-none-eabi/9.3.1/../../../../arm-none-eabi/lib/thumb/v7e-m+fp/hard\libc.a(lib_a-malloc.o)
                0x08004554                free
 .text._malloc_r
                0x08004564      0x574 c:/program files (x86)/gnu arm embedded toolchain/9 2020-q2-update/bin/../lib/gcc/arm-none-eabi/9.3.1/../../../../arm-none-eabi/lib/thumb/v7e-m+fp/hard\libc.a(lib_a-mallocr.o)
                0x08004564                _malloc_r
 .text.memset   0x08004ad8       0xa0 c:/program files (x86)/gnu arm embedded toolchain/9 2020-q2-update/bin/../lib/gcc/arm-none-eabi/9.3.1/../../../../arm-none-eabi/lib/thumb/v7e-m+fp/hard\libc.a(lib_a-memset.o)
                0x08004ad8                memset
 .text.__malloc_lock
                0x08004b78        0xc c:/program files (x86)/gnu arm embedded toolchain/9 2020-q2-update/bin/../lib/gcc/arm-none-eabi/9.3.1/../../../../arm-none-eabi/lib/thumb/v7e-m+fp/hard\libc.a(lib_a-mlock.o)
                0x08004b78                __malloc_lock
 .text.__malloc_unlock
                0x08004b84        0xc c:/program files (x86)/gnu arm embedded toolchain/9 2020-q2-update/bin/../lib/gcc/arm-none-eabi/9.3.1/../../../../arm-none-eabi/lib/thumb/v7e-m+fp/hard\libc.a(lib_a-mlock.o)
                0x08004b84                __malloc_unlock
 .text._sbrk_r  0x08004b90       0x24 c:/program files (x86)/gnu arm embedded toolchain/9 2020-q2-update/bin/../lib/gcc/arm-none-eabi/9.3.1/../../../../arm-none-eabi/lib/thumb/v7e-m+fp/hard\libc.a(lib_a-sbrkr.o)
                0x08004b90                _sbrk_r
 .text.startup.register_fini
                0x08004bb4       0x14 c:/program files (x86)/gnu arm embedded toolchain/9 2020-q2-update/bin/../lib/gcc/arm-none-eabi/9.3.1/../../../../arm-none-eabi/lib/thumb/v7e-m+fp/hard\libc.a(lib_a-__call_atexit.o)
 .text.atexit   0x08004bc8        0xc c:/program files (x86)/gnu arm embedded toolchain/9 2020-q2-update/bin/../lib/gcc/arm-none-eabi/9.3.1/../../../../arm-none-eabi/lib/thumb/v7e-m+fp/hard\libc.a(lib_a-atexit.o)
                0x08004bc8                atexit
 .text.__libc_fini_array
                0x08004bd4       0x2c c:/program files (x86)/gnu arm embedded toolchain/9 2020-q2-update/bin/../lib/gcc/arm-none-eabi/9.3.1/../../../../arm-none-eabi/lib/thumb/v7e-m+fp/hard\libc.a(lib_a-fini.o)
                0x08004bd4                __libc_fini_array
 .text._malloc_trim_r
                0x08004c00       0xa0 c:/program files (x86)/gnu arm embedded toolchain/9 2020-q2-update/bin/../lib/gcc/arm-none-eabi/9.3.1/../../../../arm-none-eabi/lib/thumb/v7e-m+fp/hard\libc.a(lib_a-freer.o)
                0x08004c00                _malloc_trim_r
 .text._free_r  0x08004ca0      0x208 c:/program files (x86)/gnu arm embedded toolchain/9 2020-q2-update/bin/../lib/gcc/arm-none-eabi/9.3.1/../../../../arm-none-eabi/lib/thumb/v7e-m+fp/hard\libc.a(lib_a-freer.o)
                0x08004ca0                _free_r
 .text.__retarget_lock_acquire_recursive
                0x08004ea8        0x4 c:/program files (x86)/gnu arm embedded toolchain/9 2020-q2-update/bin/../lib/gcc/arm-none-eabi/9.3.1/../../../../arm-none-eabi/lib/thumb/v7e-m+fp/hard\libc.a(lib_a-lock.o)
                0x08004ea8                __retarget_lock_acquire_recursive
 .text.__retarget_lock_release_recursive
                0x08004eac        0x4 c:/program files (x86)/gnu arm embedded toolchain/9 2020-q2-update/bin/../lib/gcc/arm-none-eabi/9.3.1/../../../../arm-none-eabi/lib/thumb/v7e-m+fp/hard\libc.a(lib_a-lock.o)
                0x08004eac                __retarget_lock_release_recursive
 .text.__register_exitproc
                0x08004eb0       0x8c c:/program files (x86)/gnu arm embedded toolchain/9 2020-q2-update/bin/../lib/gcc/arm-none-eabi/9.3.1/../../../../arm-none-eabi/lib/thumb/v7e-m+fp/hard\libc.a(lib_a-__atexit.o)
                0x08004eb0                __register_exitproc
 .text._sbrk    0x08004f3c       0x1c c:/program files (x86)/gnu arm embedded toolchain/9 2020-q2-update/bin/../lib/gcc/arm-none-eabi/9.3.1/../../../../arm-none-eabi/lib/thumb/v7e-m+fp/hard\libnosys.a(sbrk.o)
                0x08004f3c                _sbrk
 *(.glue_7)
 .glue_7        0x08004f58        0x0 linker stubs
 *(.glue_7t)
 .glue_7t       0x08004f58        0x0 linker stubs
 *(.eh_frame)
 .eh_frame      0x08004f58        0x0 c:/program files (x86)/gnu arm embedded toolchain/9 2020-q2-update/bin/../lib/gcc/arm-none-eabi/9.3.1/thumb/v7e-m+fp/hard/crtbegin.o
 *(.init)
 .init          0x08004f58        0x4 c:/program files (x86)/gnu arm embedded toolchain/9 2020-q2-update/bin/../lib/gcc/arm-none-eabi/9.3.1/thumb/v7e-m+fp/hard/crti.o
                0x08004f58                _init
 .init          0x08004f5c        0x8 c:/program files (x86)/gnu arm embedded toolchain/9 2020-q2-update/bin/../lib/gcc/arm-none-eabi/9.3.1/thumb/v7e-m+fp/hard/crtn.o
 *(.fini)
 .fini          0x08004f64        0x4 c:/program files (x86)/gnu arm embedded toolchain/9 2020-q2-update/bin/../lib/gcc/arm-none-eabi/9.3.1/thumb/v7e-m+fp/hard/crti.o
                0x08004f64                _fini
 .fini          0x08004f68        0x8 c:/program files (x86)/gnu arm embedded toolchain/9 2020-q2-update/bin/../lib/gcc/arm-none-eabi/9.3.1/thumb/v7e-m+fp/hard/crtn.o
                0x08004f70                . = ALIGN (0x4)
                0x08004f70                _etext = .

.vfp11_veneer   0x08004f70        0x0
 .vfp11_veneer  0x08004f70        0x0 linker stubs

.v4_bx          0x08004f70        0x0
 .v4_bx         0x08004f70        0x0 linker stubs

.iplt           0x08004f70        0x0
 .iplt          0x08004f70        0x0 c:/program files (x86)/gnu arm embedded toolchain/9 2020-q2-update/bin/../lib/gcc/arm-none-eabi/9.3.1/thumb/v7e-m+fp/hard/crtbegin.o

.rodata         0x08004f70       0x20
                0x08004f70                . = ALIGN (0x4)
 *(.rodata)
 *(.rodata*)
 .rodata.str1.4
                0x08004f70        0x4 build/usbh_cdc.o
 .rodata.AHBPrescTable
                0x08004f74       0x10 build/system_stm32f4xx.o
                0x08004f74                AHBPrescTable
 .rodata.APBPrescTable
                0x08004f84        0x8 build/system_stm32f4xx.o
                0x08004f84                APBPrescTable
 .rodata._global_impure_ptr
                0x08004f8c        0x4 c:/program files (x86)/gnu arm embedded toolchain/9 2020-q2-update/bin/../lib/gcc/arm-none-eabi/9.3.1/../../../../arm-none-eabi/lib/thumb/v7e-m+fp/hard\libc.a(lib_a-impure.o)
                0x08004f8c                _global_impure_ptr
                0x08004f90                . = ALIGN (0x4)

.ARM.extab
 *(.ARM.extab* .gnu.linkonce.armextab.*)

.ARM            0x08004f90        0x8
                0x08004f90                __exidx_start = .
 *(.ARM.exidx*)
 .ARM.exidx     0x08004f90        0x8 c:/program files (x86)/gnu arm embedded toolchain/9 2020-q2-update/bin/../lib/gcc/arm-none-eabi/9.3.1/thumb/v7e-m+fp/hard\libgcc.a(_udivmoddi4.o)
                0x08004f98                __exidx_end = .

.rel.dyn        0x08004f98        0x0
 .rel.iplt      0x08004f98        0x0 c:/program files (x86)/gnu arm embedded toolchain/9 2020-q2-update/bin/../lib/gcc/arm-none-eabi/9.3.1/thumb/v7e-m+fp/hard/crtbegin.o

.preinit_array  0x08004f98        0x0
                0x08004f98                PROVIDE (__preinit_array_start = .)
 *(.preinit_array*)
                0x08004f98                PROVIDE (__preinit_array_end = .)

.init_array     0x08004f98        0x8
                0x08004f98                PROVIDE (__init_array_start = .)
 *(SORT_BY_NAME(.init_array.*))
 .init_array.00000
                0x08004f98        0x4 c:/program files (x86)/gnu arm embedded toolchain/9 2020-q2-update/bin/../lib/gcc/arm-none-eabi/9.3.1/../../../../arm-none-eabi/lib/thumb/v7e-m+fp/hard\libc.a(lib_a-__call_atexit.o)
 *(.init_array*)
 .init_array    0x08004f9c        0x4 c:/program files (x86)/gnu arm embedded toolchain/9 2020-q2-update/bin/../lib/gcc/arm-none-eabi/9.3.1/thumb/v7e-m+fp/hard/crtbegin.o
                0x08004fa0                PROVIDE (__init_array_end = .)

.fini_array     0x08004fa0        0x4
                0x08004fa0                PROVIDE (__fini_array_start = .)
 *(SORT_BY_NAME(.fini_array.*))
 *(.fini_array*)
 .fini_array    0x08004fa0        0x4 c:/program files (x86)/gnu arm embedded toolchain/9 2020-q2-update/bin/../lib/gcc/arm-none-eabi/9.3.1/thumb/v7e-m+fp/hard/crtbegin.o
                0x08004fa4                PROVIDE (__fini_array_end = .)
                0x08004fa4                _sidata = LOADADDR (.data)

.data           0x20000000      0x86c load address 0x08004fa4
                0x20000000                . = ALIGN (0x4)
                0x20000000                _sdata = .
 *(.data)
 *(.data*)
 .data.uwTickFreq
                0x20000000        0x1 build/stm32f4xx_hal.o
                0x20000000                uwTickFreq
 *fill*         0x20000001        0x3 
 .data.uwTickPrio
                0x20000004        0x4 build/stm32f4xx_hal.o
                0x20000004                uwTickPrio
 .data.CDC_Class
                0x20000008       0x20 build/usbh_cdc.o
                0x20000008                CDC_Class
 .data.SystemCoreClock
                0x20000028        0x4 build/system_stm32f4xx.o
                0x20000028                SystemCoreClock
 .data._impure_ptr
                0x2000002c        0x4 c:/program files (x86)/gnu arm embedded toolchain/9 2020-q2-update/bin/../lib/gcc/arm-none-eabi/9.3.1/../../../../arm-none-eabi/lib/thumb/v7e-m+fp/hard\libc.a(lib_a-impure.o)
                0x2000002c                _impure_ptr
 .data.impure_data
                0x20000030      0x428 c:/program files (x86)/gnu arm embedded toolchain/9 2020-q2-update/bin/../lib/gcc/arm-none-eabi/9.3.1/../../../../arm-none-eabi/lib/thumb/v7e-m+fp/hard\libc.a(lib_a-impure.o)
 .data.__malloc_av_
                0x20000458      0x408 c:/program files (x86)/gnu arm embedded toolchain/9 2020-q2-update/bin/../lib/gcc/arm-none-eabi/9.3.1/../../../../arm-none-eabi/lib/thumb/v7e-m+fp/hard\libc.a(lib_a-mallocr.o)
                0x20000458                __malloc_av_
 .data.__malloc_sbrk_base
                0x20000860        0x4 c:/program files (x86)/gnu arm embedded toolchain/9 2020-q2-update/bin/../lib/gcc/arm-none-eabi/9.3.1/../../../../arm-none-eabi/lib/thumb/v7e-m+fp/hard\libc.a(lib_a-mallocr.o)
                0x20000860                __malloc_sbrk_base
 .data.__malloc_trim_threshold
                0x20000864        0x4 c:/program files (x86)/gnu arm embedded toolchain/9 2020-q2-update/bin/../lib/gcc/arm-none-eabi/9.3.1/../../../../arm-none-eabi/lib/thumb/v7e-m+fp/hard\libc.a(lib_a-mallocr.o)
                0x20000864                __malloc_trim_threshold
 .data.__atexit_recursive_mutex
                0x20000868        0x4 c:/program files (x86)/gnu arm embedded toolchain/9 2020-q2-update/bin/../lib/gcc/arm-none-eabi/9.3.1/../../../../arm-none-eabi/lib/thumb/v7e-m+fp/hard\libc.a(lib_a-__call_atexit.o)
                0x20000868                __atexit_recursive_mutex
                0x2000086c                . = ALIGN (0x4)
                0x2000086c                _edata = .
                0x08005810                _siccmram = LOADADDR (.ccmram)

.igot.plt       0x2000086c        0x0 load address 0x08005810
 .igot.plt      0x2000086c        0x0 c:/program files (x86)/gnu arm embedded toolchain/9 2020-q2-update/bin/../lib/gcc/arm-none-eabi/9.3.1/thumb/v7e-m+fp/hard/crtbegin.o

.ccmram         0x10000000        0x0 load address 0x08005810
                0x10000000                . = ALIGN (0x4)
                0x10000000                _sccmram = .
 *(.ccmram)
 *(.ccmram*)
                0x10000000                . = ALIGN (0x4)
                0x10000000                _eccmram = .
                0x10000000                . = ALIGN (0x4)

.bss            0x2000086c      0x818
                0x2000086c                _sbss = .
                0x2000086c                __bss_start__ = _sbss
 *(.bss)
 .bss           0x2000086c       0x1c c:/program files (x86)/gnu arm embedded toolchain/9 2020-q2-update/bin/../lib/gcc/arm-none-eabi/9.3.1/thumb/v7e-m+fp/hard/crtbegin.o
 *(.bss*)
 .bss.tmpreg.8567
                0x20000888        0x4 build/stm32f4xx_ll_usb.o
 .bss.Appli_state
                0x2000088c        0x1 build/usb_host.o
                0x2000088c                Appli_state
 *fill*         0x2000088d        0x3 
 .bss.__malloc_current_mallinfo
                0x20000890       0x28 c:/program files (x86)/gnu arm embedded toolchain/9 2020-q2-update/bin/../lib/gcc/arm-none-eabi/9.3.1/../../../../arm-none-eabi/lib/thumb/v7e-m+fp/hard\libc.a(lib_a-mallocr.o)
                0x20000890                __malloc_current_mallinfo
 .bss.__malloc_max_sbrked_mem
                0x200008b8        0x4 c:/program files (x86)/gnu arm embedded toolchain/9 2020-q2-update/bin/../lib/gcc/arm-none-eabi/9.3.1/../../../../arm-none-eabi/lib/thumb/v7e-m+fp/hard\libc.a(lib_a-mallocr.o)
                0x200008b8                __malloc_max_sbrked_mem
 .bss.__malloc_max_total_mem
                0x200008bc        0x4 c:/program files (x86)/gnu arm embedded toolchain/9 2020-q2-update/bin/../lib/gcc/arm-none-eabi/9.3.1/../../../../arm-none-eabi/lib/thumb/v7e-m+fp/hard\libc.a(lib_a-mallocr.o)
                0x200008bc                __malloc_max_total_mem
 .bss.__malloc_top_pad
                0x200008c0        0x4 c:/program files (x86)/gnu arm embedded toolchain/9 2020-q2-update/bin/../lib/gcc/arm-none-eabi/9.3.1/../../../../arm-none-eabi/lib/thumb/v7e-m+fp/hard\libc.a(lib_a-mallocr.o)
                0x200008c0                __malloc_top_pad
 .bss.heap_end.5507
                0x200008c4        0x4 c:/program files (x86)/gnu arm embedded toolchain/9 2020-q2-update/bin/../lib/gcc/arm-none-eabi/9.3.1/../../../../arm-none-eabi/lib/thumb/v7e-m+fp/hard\libnosys.a(sbrk.o)
 *(COMMON)
 COMMON         0x200008c8        0x4 build/stm32f4xx_hal.o
                0x200008c8                uwTick
 COMMON         0x200008cc       0xf4 build/main.o
                0x200008cc                hi2c1
                0x20000920                hspi1
                0x20000978                hi2s3
 COMMON         0x200009c0      0x3d8 build/usb_host.o
                0x200009c0                hUsbHostFS
 COMMON         0x20000d98      0x2c4 build/usbh_conf.o
                0x20000d98                hhcd_USB_OTG_FS
 COMMON         0x2000105c       0x21 c:/program files (x86)/gnu arm embedded toolchain/9 2020-q2-update/bin/../lib/gcc/arm-none-eabi/9.3.1/../../../../arm-none-eabi/lib/thumb/v7e-m+fp/hard\libc.a(lib_a-lock.o)
                0x2000105c                __lock___atexit_recursive_mutex
                0x20001060                __lock___arc4random_mutex
                0x20001064                __lock___env_recursive_mutex
                0x20001068                __lock___sinit_recursive_mutex
                0x2000106c                __lock___malloc_recursive_mutex
                0x20001070                __lock___at_quick_exit_mutex
                0x20001074                __lock___dd_hash_mutex
                0x20001078                __lock___tz_mutex
                0x2000107c                __lock___sfp_recursive_mutex
 *fill*         0x2000107d        0x3 
 COMMON         0x20001080        0x4 c:/program files (x86)/gnu arm embedded toolchain/9 2020-q2-update/bin/../lib/gcc/arm-none-eabi/9.3.1/../../../../arm-none-eabi/lib/thumb/v7e-m+fp/hard\libc.a(lib_a-reent.o)
                0x20001080                errno
                0x20001084                . = ALIGN (0x4)
                0x20001084                _ebss = .
                0x20001084                __bss_end__ = _ebss

._user_heap_stack
                0x20001084      0x604
                0x20001088                . = ALIGN (0x8)
 *fill*         0x20001084        0x4 
                0x20001088                PROVIDE (end = .)
                [!provide]                PROVIDE (_end = .)
                0x20001288                . = (. + _Min_Heap_Size)
 *fill*         0x20001088      0x200 
                0x20001688                . = (. + _Min_Stack_Size)
 *fill*         0x20001288      0x400 
                0x20001688                . = ALIGN (0x8)

/DISCARD/
 libc.a(*)
 libm.a(*)
 libgcc.a(*)

.ARM.attributes
                0x00000000       0x30
 *(.ARM.attributes)
 .ARM.attributes
                0x00000000       0x1e c:/program files (x86)/gnu arm embedded toolchain/9 2020-q2-update/bin/../lib/gcc/arm-none-eabi/9.3.1/thumb/v7e-m+fp/hard/crti.o
 .ARM.attributes
                0x0000001e       0x34 c:/program files (x86)/gnu arm embedded toolchain/9 2020-q2-update/bin/../lib/gcc/arm-none-eabi/9.3.1/thumb/v7e-m+fp/hard/crtbegin.o
 .ARM.attributes
                0x00000052       0x34 build/stm32f4xx_hal.o
 .ARM.attributes
                0x00000086       0x34 build/stm32f4xx_hal_cortex.o
 .ARM.attributes
                0x000000ba       0x34 build/stm32f4xx_hal_gpio.o
 .ARM.attributes
                0x000000ee       0x34 build/stm32f4xx_hal_hcd.o
 .ARM.attributes
                0x00000122       0x34 build/stm32f4xx_hal_i2c.o
 .ARM.attributes
                0x00000156       0x34 build/stm32f4xx_hal_i2s.o
 .ARM.attributes
                0x0000018a       0x34 build/stm32f4xx_hal_i2s_ex.o
 .ARM.attributes
                0x000001be       0x34 build/stm32f4xx_hal_rcc.o
 .ARM.attributes
                0x000001f2       0x34 build/stm32f4xx_hal_rcc_ex.o
 .ARM.attributes
                0x00000226       0x34 build/stm32f4xx_hal_spi.o
 .ARM.attributes
                0x0000025a       0x34 build/stm32f4xx_ll_usb.o
 .ARM.attributes
                0x0000028e       0x34 build/usbh_cdc.o
 .ARM.attributes
                0x000002c2       0x34 build/usbh_core.o
 .ARM.attributes
                0x000002f6       0x34 build/usbh_ctlreq.o
 .ARM.attributes
                0x0000032a       0x34 build/usbh_ioreq.o
 .ARM.attributes
                0x0000035e       0x34 build/usbh_pipes.o
 .ARM.attributes
                0x00000392       0x34 build/main.o
 .ARM.attributes
                0x000003c6       0x34 build/stm32f4xx_hal_msp.o
 .ARM.attributes
                0x000003fa       0x34 build/stm32f4xx_it.o
 .ARM.attributes
                0x0000042e       0x34 build/system_stm32f4xx.o
 .ARM.attributes
                0x00000462       0x34 build/usb_host.o
 .ARM.attributes
                0x00000496       0x34 build/usbh_conf.o
 .ARM.attributes
                0x000004ca       0x34 build/usbh_platform.o
 .ARM.attributes
                0x000004fe       0x21 build/startup_stm32f407xx.o
 .ARM.attributes
                0x0000051f       0x32 c:/program files (x86)/gnu arm embedded toolchain/9 2020-q2-update/bin/../lib/gcc/arm-none-eabi/9.3.1/../../../../arm-none-eabi/lib/thumb/v7e-m+fp/hard\libc.a(lib_a-impure.o)
 .ARM.attributes
                0x00000551       0x34 c:/program files (x86)/gnu arm embedded toolchain/9 2020-q2-update/bin/../lib/gcc/arm-none-eabi/9.3.1/../../../../arm-none-eabi/lib/thumb/v7e-m+fp/hard\libc.a(lib_a-init.o)
 .ARM.attributes
                0x00000585       0x34 c:/program files (x86)/gnu arm embedded toolchain/9 2020-q2-update/bin/../lib/gcc/arm-none-eabi/9.3.1/../../../../arm-none-eabi/lib/thumb/v7e-m+fp/hard\libc.a(lib_a-malloc.o)
 .ARM.attributes
                0x000005b9       0x34 c:/program files (x86)/gnu arm embedded toolchain/9 2020-q2-update/bin/../lib/gcc/arm-none-eabi/9.3.1/../../../../arm-none-eabi/lib/thumb/v7e-m+fp/hard\libc.a(lib_a-mallocr.o)
 .ARM.attributes
                0x000005ed       0x34 c:/program files (x86)/gnu arm embedded toolchain/9 2020-q2-update/bin/../lib/gcc/arm-none-eabi/9.3.1/../../../../arm-none-eabi/lib/thumb/v7e-m+fp/hard\libc.a(lib_a-memset.o)
 .ARM.attributes
                0x00000621       0x34 c:/program files (x86)/gnu arm embedded toolchain/9 2020-q2-update/bin/../lib/gcc/arm-none-eabi/9.3.1/../../../../arm-none-eabi/lib/thumb/v7e-m+fp/hard\libc.a(lib_a-mlock.o)
 .ARM.attributes
                0x00000655       0x34 c:/program files (x86)/gnu arm embedded toolchain/9 2020-q2-update/bin/../lib/gcc/arm-none-eabi/9.3.1/../../../../arm-none-eabi/lib/thumb/v7e-m+fp/hard\libc.a(lib_a-sbrkr.o)
 .ARM.attributes
                0x00000689       0x34 c:/program files (x86)/gnu arm embedded toolchain/9 2020-q2-update/bin/../lib/gcc/arm-none-eabi/9.3.1/../../../../arm-none-eabi/lib/thumb/v7e-m+fp/hard\libc.a(lib_a-__call_atexit.o)
 .ARM.attributes
                0x000006bd       0x34 c:/program files (x86)/gnu arm embedded toolchain/9 2020-q2-update/bin/../lib/gcc/arm-none-eabi/9.3.1/../../../../arm-none-eabi/lib/thumb/v7e-m+fp/hard\libc.a(lib_a-atexit.o)
 .ARM.attributes
                0x000006f1       0x34 c:/program files (x86)/gnu arm embedded toolchain/9 2020-q2-update/bin/../lib/gcc/arm-none-eabi/9.3.1/../../../../arm-none-eabi/lib/thumb/v7e-m+fp/hard\libc.a(lib_a-fini.o)
 .ARM.attributes
                0x00000725       0x34 c:/program files (x86)/gnu arm embedded toolchain/9 2020-q2-update/bin/../lib/gcc/arm-none-eabi/9.3.1/../../../../arm-none-eabi/lib/thumb/v7e-m+fp/hard\libc.a(lib_a-freer.o)
 .ARM.attributes
                0x00000759       0x34 c:/program files (x86)/gnu arm embedded toolchain/9 2020-q2-update/bin/../lib/gcc/arm-none-eabi/9.3.1/../../../../arm-none-eabi/lib/thumb/v7e-m+fp/hard\libc.a(lib_a-lock.o)
 .ARM.attributes
                0x0000078d       0x34 c:/program files (x86)/gnu arm embedded toolchain/9 2020-q2-update/bin/../lib/gcc/arm-none-eabi/9.3.1/../../../../arm-none-eabi/lib/thumb/v7e-m+fp/hard\libc.a(lib_a-reent.o)
 .ARM.attributes
                0x000007c1       0x34 c:/program files (x86)/gnu arm embedded toolchain/9 2020-q2-update/bin/../lib/gcc/arm-none-eabi/9.3.1/../../../../arm-none-eabi/lib/thumb/v7e-m+fp/hard\libc.a(lib_a-__atexit.o)
 .ARM.attributes
                0x000007f5       0x34 c:/program files (x86)/gnu arm embedded toolchain/9 2020-q2-update/bin/../lib/gcc/arm-none-eabi/9.3.1/../../../../arm-none-eabi/lib/thumb/v7e-m+fp/hard\libnosys.a(sbrk.o)
 .ARM.attributes
                0x00000829       0x1e c:/program files (x86)/gnu arm embedded toolchain/9 2020-q2-update/bin/../lib/gcc/arm-none-eabi/9.3.1/thumb/v7e-m+fp/hard\libgcc.a(_aeabi_uldivmod.o)
 .ARM.attributes
                0x00000847       0x34 c:/program files (x86)/gnu arm embedded toolchain/9 2020-q2-update/bin/../lib/gcc/arm-none-eabi/9.3.1/thumb/v7e-m+fp/hard\libgcc.a(_udivmoddi4.o)
 .ARM.attributes
                0x0000087b       0x1e c:/program files (x86)/gnu arm embedded toolchain/9 2020-q2-update/bin/../lib/gcc/arm-none-eabi/9.3.1/thumb/v7e-m+fp/hard\libgcc.a(_dvmd_tls.o)
 .ARM.attributes
                0x00000899       0x1e c:/program files (x86)/gnu arm embedded toolchain/9 2020-q2-update/bin/../lib/gcc/arm-none-eabi/9.3.1/thumb/v7e-m+fp/hard/crtn.o
OUTPUT(build/TimeOfFlight_VL6180X_Project.elf elf32-littlearm)
LOAD linker stubs
LOAD c:/program files (x86)/gnu arm embedded toolchain/9 2020-q2-update/bin/../lib/gcc/arm-none-eabi/9.3.1/../../../../arm-none-eabi/lib/thumb/v7e-m+fp/hard\libc.a
LOAD c:/program files (x86)/gnu arm embedded toolchain/9 2020-q2-update/bin/../lib/gcc/arm-none-eabi/9.3.1/../../../../arm-none-eabi/lib/thumb/v7e-m+fp/hard\libm.a
LOAD c:/program files (x86)/gnu arm embedded toolchain/9 2020-q2-update/bin/../lib/gcc/arm-none-eabi/9.3.1/thumb/v7e-m+fp/hard\libgcc.a

.debug_info     0x00000000    0x20808
 .debug_info    0x00000000      0xb5e build/stm32f4xx_hal.o
 .debug_info    0x00000b5e     0x123e build/stm32f4xx_hal_cortex.o
 .debug_info    0x00001d9c      0x915 build/stm32f4xx_hal_gpio.o
 .debug_info    0x000026b1     0x1612 build/stm32f4xx_hal_hcd.o
 .debug_info    0x00003cc3     0x3bda build/stm32f4xx_hal_i2c.o
 .debug_info    0x0000789d     0x13b5 build/stm32f4xx_hal_i2s.o
 .debug_info    0x00008c52      0xffc build/stm32f4xx_hal_i2s_ex.o
 .debug_info    0x00009c4e      0xc44 build/stm32f4xx_hal_rcc.o
 .debug_info    0x0000a892      0x7be build/stm32f4xx_hal_rcc_ex.o
 .debug_info    0x0000b050     0x2087 build/stm32f4xx_hal_spi.o
 .debug_info    0x0000d0d7     0x2121 build/stm32f4xx_ll_usb.o
 .debug_info    0x0000f1f8     0x2461 build/usbh_cdc.o
 .debug_info    0x00011659     0x212e build/usbh_core.o
 .debug_info    0x00013787     0x1f8d build/usbh_ctlreq.o
 .debug_info    0x00015714     0x1aeb build/usbh_ioreq.o
 .debug_info    0x000171ff     0x1735 build/usbh_pipes.o
 .debug_info    0x00018934     0x170c build/main.o
 .debug_info    0x0001a040     0x134f build/stm32f4xx_hal_msp.o
 .debug_info    0x0001b38f      0x88c build/stm32f4xx_it.o
 .debug_info    0x0001bc1b      0x63c build/system_stm32f4xx.o
 .debug_info    0x0001c257     0x169c build/usb_host.o
 .debug_info    0x0001d8f3     0x2bff build/usbh_conf.o
 .debug_info    0x000204f2      0x2f4 build/usbh_platform.o
 .debug_info    0x000207e6       0x22 build/startup_stm32f407xx.o

.debug_abbrev   0x00000000     0x3f4d
 .debug_abbrev  0x00000000      0x21c build/stm32f4xx_hal.o
 .debug_abbrev  0x0000021c      0x3a8 build/stm32f4xx_hal_cortex.o
 .debug_abbrev  0x000005c4      0x258 build/stm32f4xx_hal_gpio.o
 .debug_abbrev  0x0000081c      0x2e5 build/stm32f4xx_hal_hcd.o
 .debug_abbrev  0x00000b01      0x31f build/stm32f4xx_hal_i2c.o
 .debug_abbrev  0x00000e20      0x2b3 build/stm32f4xx_hal_i2s.o
 .debug_abbrev  0x000010d3      0x2e1 build/stm32f4xx_hal_i2s_ex.o
 .debug_abbrev  0x000013b4      0x2cd build/stm32f4xx_hal_rcc.o
 .debug_abbrev  0x00001681      0x1bb build/stm32f4xx_hal_rcc_ex.o
 .debug_abbrev  0x0000183c      0x2d2 build/stm32f4xx_hal_spi.o
 .debug_abbrev  0x00001b0e      0x335 build/stm32f4xx_ll_usb.o
 .debug_abbrev  0x00001e43      0x3be build/usbh_cdc.o
 .debug_abbrev  0x00002201      0x426 build/usbh_core.o
 .debug_abbrev  0x00002627      0x3cd build/usbh_ctlreq.o
 .debug_abbrev  0x000029f4      0x2b9 build/usbh_ioreq.o
 .debug_abbrev  0x00002cad      0x31f build/usbh_pipes.o
 .debug_abbrev  0x00002fcc      0x275 build/main.o
 .debug_abbrev  0x00003241      0x20c build/stm32f4xx_hal_msp.o
 .debug_abbrev  0x0000344d      0x187 build/stm32f4xx_it.o
 .debug_abbrev  0x000035d4      0x14a build/system_stm32f4xx.o
 .debug_abbrev  0x0000371e      0x2d8 build/usb_host.o
 .debug_abbrev  0x000039f6      0x3f9 build/usbh_conf.o
 .debug_abbrev  0x00003def      0x14c build/usbh_platform.o
 .debug_abbrev  0x00003f3b       0x12 build/startup_stm32f407xx.o

.debug_loc      0x00000000    0x123be
 .debug_loc     0x00000000      0x1e1 build/stm32f4xx_hal.o
 .debug_loc     0x000001e1      0x7d4 build/stm32f4xx_hal_cortex.o
 .debug_loc     0x000009b5      0x5c7 build/stm32f4xx_hal_gpio.o
 .debug_loc     0x00000f7c     0x1233 build/stm32f4xx_hal_hcd.o
 .debug_loc     0x000021af     0x4b55 build/stm32f4xx_hal_i2c.o
 .debug_loc     0x00006d04     0x132d build/stm32f4xx_hal_i2s.o
 .debug_loc     0x00008031      0xd18 build/stm32f4xx_hal_i2s_ex.o
 .debug_loc     0x00008d49      0x6c7 build/stm32f4xx_hal_rcc.o
 .debug_loc     0x00009410      0x473 build/stm32f4xx_hal_rcc_ex.o
 .debug_loc     0x00009883     0x2428 build/stm32f4xx_hal_spi.o
 .debug_loc     0x0000bcab     0x27cc build/stm32f4xx_ll_usb.o
 .debug_loc     0x0000e477      0x91d build/usbh_cdc.o
 .debug_loc     0x0000ed94      0xb6f build/usbh_core.o
 .debug_loc     0x0000f903      0xef7 build/usbh_ctlreq.o
 .debug_loc     0x000107fa      0x750 build/usbh_ioreq.o
 .debug_loc     0x00010f4a      0x27e build/usbh_pipes.o
 .debug_loc     0x000111c8       0xf2 build/main.o
 .debug_loc     0x000112ba      0x2f0 build/stm32f4xx_hal_msp.o
 .debug_loc     0x000115aa       0x40 build/stm32f4xx_it.o
 .debug_loc     0x000115ea      0x16c build/system_stm32f4xx.o
 .debug_loc     0x00011756       0x40 build/usb_host.o
 .debug_loc     0x00011796      0xba7 build/usbh_conf.o
 .debug_loc     0x0001233d       0x81 build/usbh_platform.o

.debug_aranges  0x00000000     0x1078
 .debug_aranges
                0x00000000       0xf0 build/stm32f4xx_hal.o
 .debug_aranges
                0x000000f0       0xa8 build/stm32f4xx_hal_cortex.o
 .debug_aranges
                0x00000198       0x58 build/stm32f4xx_hal_gpio.o
 .debug_aranges
                0x000001f0       0xf8 build/stm32f4xx_hal_hcd.o
 .debug_aranges
                0x000002e8      0x2a0 build/stm32f4xx_hal_i2c.o
 .debug_aranges
                0x00000588      0x108 build/stm32f4xx_hal_i2s.o
 .debug_aranges
                0x00000690       0x88 build/stm32f4xx_hal_i2s_ex.o
 .debug_aranges
                0x00000718       0x88 build/stm32f4xx_hal_rcc.o
 .debug_aranges
                0x000007a0       0x48 build/stm32f4xx_hal_rcc_ex.o
 .debug_aranges
                0x000007e8      0x1d0 build/stm32f4xx_hal_spi.o
 .debug_aranges
                0x000009b8      0x198 build/stm32f4xx_ll_usb.o
 .debug_aranges
                0x00000b50       0xa8 build/usbh_cdc.o
 .debug_aranges
                0x00000bf8       0xc0 build/usbh_core.o
 .debug_aranges
                0x00000cb8       0xa0 build/usbh_ctlreq.o
 .debug_aranges
                0x00000d58       0x60 build/usbh_ioreq.o
 .debug_aranges
                0x00000db8       0x40 build/usbh_pipes.o
 .debug_aranges
                0x00000df8       0x50 build/main.o
 .debug_aranges
                0x00000e48       0x50 build/stm32f4xx_hal_msp.o
 .debug_aranges
                0x00000e98       0x68 build/stm32f4xx_it.o
 .debug_aranges
                0x00000f00       0x28 build/system_stm32f4xx.o
 .debug_aranges
                0x00000f28       0x30 build/usb_host.o
 .debug_aranges
                0x00000f58       0xd8 build/usbh_conf.o
 .debug_aranges
                0x00001030       0x20 build/usbh_platform.o
 .debug_aranges
                0x00001050       0x28 build/startup_stm32f407xx.o

.debug_ranges   0x00000000      0xfd8
 .debug_ranges  0x00000000       0xe0 build/stm32f4xx_hal.o
 .debug_ranges  0x000000e0       0xf8 build/stm32f4xx_hal_cortex.o
 .debug_ranges  0x000001d8       0x48 build/stm32f4xx_hal_gpio.o
 .debug_ranges  0x00000220       0xe8 build/stm32f4xx_hal_hcd.o
 .debug_ranges  0x00000308      0x2a8 build/stm32f4xx_hal_i2c.o
 .debug_ranges  0x000005b0      0x128 build/stm32f4xx_hal_i2s.o
 .debug_ranges  0x000006d8       0x90 build/stm32f4xx_hal_i2s_ex.o
 .debug_ranges  0x00000768       0x90 build/stm32f4xx_hal_rcc.o
 .debug_ranges  0x000007f8       0x38 build/stm32f4xx_hal_rcc_ex.o
 .debug_ranges  0x00000830      0x1c0 build/stm32f4xx_hal_spi.o
 .debug_ranges  0x000009f0      0x188 build/stm32f4xx_ll_usb.o
 .debug_ranges  0x00000b78       0x98 build/usbh_cdc.o
 .debug_ranges  0x00000c10       0xb0 build/usbh_core.o
 .debug_ranges  0x00000cc0       0x90 build/usbh_ctlreq.o
 .debug_ranges  0x00000d50       0x50 build/usbh_ioreq.o
 .debug_ranges  0x00000da0       0x30 build/usbh_pipes.o
 .debug_ranges  0x00000dd0       0x40 build/main.o
 .debug_ranges  0x00000e10       0x40 build/stm32f4xx_hal_msp.o
 .debug_ranges  0x00000e50       0x58 build/stm32f4xx_it.o
 .debug_ranges  0x00000ea8       0x18 build/system_stm32f4xx.o
 .debug_ranges  0x00000ec0       0x20 build/usb_host.o
 .debug_ranges  0x00000ee0       0xc8 build/usbh_conf.o
 .debug_ranges  0x00000fa8       0x10 build/usbh_platform.o
 .debug_ranges  0x00000fb8       0x20 build/startup_stm32f407xx.o

.debug_line     0x00000000    0x13ced
 .debug_line    0x00000000      0x585 build/stm32f4xx_hal.o
 .debug_line    0x00000585      0x7c2 build/stm32f4xx_hal_cortex.o
 .debug_line    0x00000d47      0x749 build/stm32f4xx_hal_gpio.o
 .debug_line    0x00001490     0x1029 build/stm32f4xx_hal_hcd.o
 .debug_line    0x000024b9     0x5161 build/stm32f4xx_hal_i2c.o
 .debug_line    0x0000761a     0x1415 build/stm32f4xx_hal_i2s.o
 .debug_line    0x00008a2f     0x11d1 build/stm32f4xx_hal_i2s_ex.o
 .debug_line    0x00009c00      0xb58 build/stm32f4xx_hal_rcc.o
 .debug_line    0x0000a758      0x62a build/stm32f4xx_hal_rcc_ex.o
 .debug_line    0x0000ad82     0x2490 build/stm32f4xx_hal_spi.o
 .debug_line    0x0000d212     0x1b7e build/stm32f4xx_ll_usb.o
 .debug_line    0x0000ed90      0xb01 build/usbh_cdc.o
 .debug_line    0x0000f891      0xec9 build/usbh_core.o
 .debug_line    0x0001075a      0xcd5 build/usbh_ctlreq.o
 .debug_line    0x0001142f      0x493 build/usbh_ioreq.o
 .debug_line    0x000118c2      0x449 build/usbh_pipes.o
 .debug_line    0x00011d0b      0x66b build/main.o
 .debug_line    0x00012376      0x4b2 build/stm32f4xx_hal_msp.o
 .debug_line    0x00012828      0x332 build/stm32f4xx_it.o
 .debug_line    0x00012b5a      0x2a9 build/system_stm32f4xx.o
 .debug_line    0x00012e03      0x410 build/usb_host.o
 .debug_line    0x00013213      0x868 build/usbh_conf.o
 .debug_line    0x00013a7b      0x1ff build/usbh_platform.o
 .debug_line    0x00013c7a       0x73 build/startup_stm32f407xx.o

.debug_str      0x00000000     0x58d0
 .debug_str     0x00000000      0xb2d build/stm32f4xx_hal.o
                                0xb96 (size before relaxing)
 .debug_str     0x00000b2d      0x49e build/stm32f4xx_hal_cortex.o
                                0xcd5 (size before relaxing)
 .debug_str     0x00000fcb      0x1d5 build/stm32f4xx_hal_gpio.o
                                0x59b (size before relaxing)
 .debug_str     0x000011a0      0x899 build/stm32f4xx_hal_hcd.o
                                0xbaf (size before relaxing)
 .debug_str     0x00001a39      0xd3e build/stm32f4xx_hal_i2c.o
                               0x10db (size before relaxing)
 .debug_str     0x00002777      0x44b build/stm32f4xx_hal_i2s.o
                                0x9fd (size before relaxing)
 .debug_str     0x00002bc2      0x1ee build/stm32f4xx_hal_i2s_ex.o
                                0x93e (size before relaxing)
 .debug_str     0x00002db0      0x2d1 build/stm32f4xx_hal_rcc.o
                                0x779 (size before relaxing)
 .debug_str     0x00003081      0x15b build/stm32f4xx_hal_rcc_ex.o
                                0x567 (size before relaxing)
 .debug_str     0x000031dc      0x646 build/stm32f4xx_hal_spi.o
                                0xc84 (size before relaxing)
 .debug_str     0x00003822      0x4ff build/stm32f4xx_ll_usb.o
                                0xcf7 (size before relaxing)
 .debug_str     0x00003d21     0x12c0 build/usbh_cdc.o
                               0x165e (size before relaxing)
 .debug_str     0x00004fe1      0x2b8 build/usbh_core.o
                               0x11e2 (size before relaxing)
 .debug_str     0x00005299      0x1d8 build/usbh_ctlreq.o
                               0x11b7 (size before relaxing)
 .debug_str     0x00005471       0xaf build/usbh_ioreq.o
                                0xfeb (size before relaxing)
 .debug_str     0x00005520       0x7d build/usbh_pipes.o
                                0xf81 (size before relaxing)
 .debug_str     0x0000559d       0xb0 build/main.o
                                0xf30 (size before relaxing)
 .debug_str     0x0000564d       0x18 build/stm32f4xx_hal_msp.o
                                0xce3 (size before relaxing)
 .debug_str     0x00005665       0xc5 build/stm32f4xx_it.o
                                0x795 (size before relaxing)
 .debug_str     0x0000572a       0x42 build/system_stm32f4xx.o
                                0x3ff (size before relaxing)
 .debug_str     0x0000576c       0x96 build/usb_host.o
                                0xfaf (size before relaxing)
 .debug_str     0x00005802       0x96 build/usbh_conf.o
                               0x1e2e (size before relaxing)
 .debug_str     0x00005898       0x14 build/usbh_platform.o
                                0x30d (size before relaxing)
 .debug_str     0x000058ac       0x24 build/startup_stm32f407xx.o
                                 0x5a (size before relaxing)

.comment        0x00000000       0x4c
 .comment       0x00000000       0x4c build/stm32f4xx_hal.o
                                 0x4d (size before relaxing)
 .comment       0x0000004c       0x4d build/stm32f4xx_hal_cortex.o
 .comment       0x0000004c       0x4d build/stm32f4xx_hal_gpio.o
 .comment       0x0000004c       0x4d build/stm32f4xx_hal_hcd.o
 .comment       0x0000004c       0x4d build/stm32f4xx_hal_i2c.o
 .comment       0x0000004c       0x4d build/stm32f4xx_hal_i2s.o
 .comment       0x0000004c       0x4d build/stm32f4xx_hal_i2s_ex.o
 .comment       0x0000004c       0x4d build/stm32f4xx_hal_rcc.o
 .comment       0x0000004c       0x4d build/stm32f4xx_hal_rcc_ex.o
 .comment       0x0000004c       0x4d build/stm32f4xx_hal_spi.o
 .comment       0x0000004c       0x4d build/stm32f4xx_ll_usb.o
 .comment       0x0000004c       0x4d build/usbh_cdc.o
 .comment       0x0000004c       0x4d build/usbh_core.o
 .comment       0x0000004c       0x4d build/usbh_ctlreq.o
 .comment       0x0000004c       0x4d build/usbh_ioreq.o
 .comment       0x0000004c       0x4d build/usbh_pipes.o
 .comment       0x0000004c       0x4d build/main.o
 .comment       0x0000004c       0x4d build/stm32f4xx_hal_msp.o
 .comment       0x0000004c       0x4d build/stm32f4xx_it.o
 .comment       0x0000004c       0x4d build/system_stm32f4xx.o
 .comment       0x0000004c       0x4d build/usb_host.o
 .comment       0x0000004c       0x4d build/usbh_conf.o
 .comment       0x0000004c       0x4d build/usbh_platform.o

.debug_frame    0x00000000     0x3234
 .debug_frame   0x00000000      0x1ec build/stm32f4xx_hal.o
 .debug_frame   0x000001ec      0x15c build/stm32f4xx_hal_cortex.o
 .debug_frame   0x00000348       0xd8 build/stm32f4xx_hal_gpio.o
 .debug_frame   0x00000420      0x2b4 build/stm32f4xx_hal_hcd.o
 .debug_frame   0x000006d4      0x968 build/stm32f4xx_hal_i2c.o
 .debug_frame   0x0000103c      0x324 build/stm32f4xx_hal_i2s.o
 .debug_frame   0x00001360      0x198 build/stm32f4xx_hal_i2s_ex.o
 .debug_frame   0x000014f8      0x174 build/stm32f4xx_hal_rcc.o
 .debug_frame   0x0000166c       0xa4 build/stm32f4xx_hal_rcc_ex.o
 .debug_frame   0x00001710      0x590 build/stm32f4xx_hal_spi.o
 .debug_frame   0x00001ca0      0x48c build/stm32f4xx_ll_usb.o
 .debug_frame   0x0000212c      0x1bc build/usbh_cdc.o
 .debug_frame   0x000022e8      0x208 build/usbh_core.o
 .debug_frame   0x000024f0      0x1e8 build/usbh_ctlreq.o
 .debug_frame   0x000026d8      0x130 build/usbh_ioreq.o
 .debug_frame   0x00002808       0x84 build/usbh_pipes.o
 .debug_frame   0x0000288c       0xd0 build/main.o
 .debug_frame   0x0000295c       0xdc build/stm32f4xx_hal_msp.o
 .debug_frame   0x00002a38       0xc0 build/stm32f4xx_it.o
 .debug_frame   0x00002af8       0x30 build/system_stm32f4xx.o
 .debug_frame   0x00002b28       0x50 build/usb_host.o
 .debug_frame   0x00002b78      0x24c build/usbh_conf.o
 .debug_frame   0x00002dc4       0x28 build/usbh_platform.o
 .debug_frame   0x00002dec       0x2c c:/program files (x86)/gnu arm embedded toolchain/9 2020-q2-update/bin/../lib/gcc/arm-none-eabi/9.3.1/../../../../arm-none-eabi/lib/thumb/v7e-m+fp/hard\libc.a(lib_a-init.o)
 .debug_frame   0x00002e18       0x30 c:/program files (x86)/gnu arm embedded toolchain/9 2020-q2-update/bin/../lib/gcc/arm-none-eabi/9.3.1/../../../../arm-none-eabi/lib/thumb/v7e-m+fp/hard\libc.a(lib_a-malloc.o)
 .debug_frame   0x00002e48       0x4c c:/program files (x86)/gnu arm embedded toolchain/9 2020-q2-update/bin/../lib/gcc/arm-none-eabi/9.3.1/../../../../arm-none-eabi/lib/thumb/v7e-m+fp/hard\libc.a(lib_a-mallocr.o)
 .debug_frame   0x00002e94       0x38 c:/program files (x86)/gnu arm embedded toolchain/9 2020-q2-update/bin/../lib/gcc/arm-none-eabi/9.3.1/../../../../arm-none-eabi/lib/thumb/v7e-m+fp/hard\libc.a(lib_a-memset.o)
 .debug_frame   0x00002ecc       0x30 c:/program files (x86)/gnu arm embedded toolchain/9 2020-q2-update/bin/../lib/gcc/arm-none-eabi/9.3.1/../../../../arm-none-eabi/lib/thumb/v7e-m+fp/hard\libc.a(lib_a-mlock.o)
 .debug_frame   0x00002efc       0x2c c:/program files (x86)/gnu arm embedded toolchain/9 2020-q2-update/bin/../lib/gcc/arm-none-eabi/9.3.1/../../../../arm-none-eabi/lib/thumb/v7e-m+fp/hard\libc.a(lib_a-sbrkr.o)
 .debug_frame   0x00002f28       0x68 c:/program files (x86)/gnu arm embedded toolchain/9 2020-q2-update/bin/../lib/gcc/arm-none-eabi/9.3.1/../../../../arm-none-eabi/lib/thumb/v7e-m+fp/hard\libc.a(lib_a-__call_atexit.o)
 .debug_frame   0x00002f90       0x20 c:/program files (x86)/gnu arm embedded toolchain/9 2020-q2-update/bin/../lib/gcc/arm-none-eabi/9.3.1/../../../../arm-none-eabi/lib/thumb/v7e-m+fp/hard\libc.a(lib_a-atexit.o)
 .debug_frame   0x00002fb0       0x34 c:/program files (x86)/gnu arm embedded toolchain/9 2020-q2-update/bin/../lib/gcc/arm-none-eabi/9.3.1/../../../../arm-none-eabi/lib/thumb/v7e-m+fp/hard\libc.a(lib_a-fini.o)
 .debug_frame   0x00002fe4       0x8c c:/program files (x86)/gnu arm embedded toolchain/9 2020-q2-update/bin/../lib/gcc/arm-none-eabi/9.3.1/../../../../arm-none-eabi/lib/thumb/v7e-m+fp/hard\libc.a(lib_a-freer.o)
 .debug_frame   0x00003070       0xb0 c:/program files (x86)/gnu arm embedded toolchain/9 2020-q2-update/bin/../lib/gcc/arm-none-eabi/9.3.1/../../../../arm-none-eabi/lib/thumb/v7e-m+fp/hard\libc.a(lib_a-lock.o)
 .debug_frame   0x00003120       0x60 c:/program files (x86)/gnu arm embedded toolchain/9 2020-q2-update/bin/../lib/gcc/arm-none-eabi/9.3.1/../../../../arm-none-eabi/lib/thumb/v7e-m+fp/hard\libc.a(lib_a-reent.o)
 .debug_frame   0x00003180       0x34 c:/program files (x86)/gnu arm embedded toolchain/9 2020-q2-update/bin/../lib/gcc/arm-none-eabi/9.3.1/../../../../arm-none-eabi/lib/thumb/v7e-m+fp/hard\libc.a(lib_a-__atexit.o)
 .debug_frame   0x000031b4       0x20 c:/program files (x86)/gnu arm embedded toolchain/9 2020-q2-update/bin/../lib/gcc/arm-none-eabi/9.3.1/../../../../arm-none-eabi/lib/thumb/v7e-m+fp/hard\libnosys.a(sbrk.o)
 .debug_frame   0x000031d4       0x2c c:/program files (x86)/gnu arm embedded toolchain/9 2020-q2-update/bin/../lib/gcc/arm-none-eabi/9.3.1/thumb/v7e-m+fp/hard\libgcc.a(_aeabi_uldivmod.o)
 .debug_frame   0x00003200       0x34 c:/program files (x86)/gnu arm embedded toolchain/9 2020-q2-update/bin/../lib/gcc/arm-none-eabi/9.3.1/thumb/v7e-m+fp/hard\libgcc.a(_udivmoddi4.o)

Cross Reference Table

Symbol                                            File
ADC_IRQHandler                                    build/startup_stm32f407xx.o
AHBPrescTable                                     build/system_stm32f4xx.o
                                                  build/stm32f4xx_hal_rcc.o
APBPrescTable                                     build/system_stm32f4xx.o
                                                  build/stm32f4xx_hal_rcc.o
Appli_state                                       build/usb_host.o
BusFault_Handler                                  build/stm32f4xx_it.o
CAN1_RX0_IRQHandler                               build/startup_stm32f407xx.o
CAN1_RX1_IRQHandler                               build/startup_stm32f407xx.o
CAN1_SCE_IRQHandler                               build/startup_stm32f407xx.o
CAN1_TX_IRQHandler                                build/startup_stm32f407xx.o
CAN2_RX0_IRQHandler                               build/startup_stm32f407xx.o
CAN2_RX1_IRQHandler                               build/startup_stm32f407xx.o
CAN2_SCE_IRQHandler                               build/startup_stm32f407xx.o
CAN2_TX_IRQHandler                                build/startup_stm32f407xx.o
CDC_Class                                         build/usbh_cdc.o
                                                  build/usb_host.o
DCMI_IRQHandler                                   build/startup_stm32f407xx.o
DMA1_Stream0_IRQHandler                           build/startup_stm32f407xx.o
DMA1_Stream1_IRQHandler                           build/startup_stm32f407xx.o
DMA1_Stream2_IRQHandler                           build/startup_stm32f407xx.o
DMA1_Stream3_IRQHandler                           build/startup_stm32f407xx.o
DMA1_Stream4_IRQHandler                           build/startup_stm32f407xx.o
DMA1_Stream5_IRQHandler                           build/startup_stm32f407xx.o
DMA1_Stream6_IRQHandler                           build/startup_stm32f407xx.o
DMA1_Stream7_IRQHandler                           build/startup_stm32f407xx.o
DMA2_Stream0_IRQHandler                           build/startup_stm32f407xx.o
DMA2_Stream1_IRQHandler                           build/startup_stm32f407xx.o
DMA2_Stream2_IRQHandler                           build/startup_stm32f407xx.o
DMA2_Stream3_IRQHandler                           build/startup_stm32f407xx.o
DMA2_Stream4_IRQHandler                           build/startup_stm32f407xx.o
DMA2_Stream5_IRQHandler                           build/startup_stm32f407xx.o
DMA2_Stream6_IRQHandler                           build/startup_stm32f407xx.o
DMA2_Stream7_IRQHandler                           build/startup_stm32f407xx.o
DebugMon_Handler                                  build/stm32f4xx_it.o
Default_Handler                                   build/startup_stm32f407xx.o
ETH_IRQHandler                                    build/startup_stm32f407xx.o
ETH_WKUP_IRQHandler                               build/startup_stm32f407xx.o
EXTI0_IRQHandler                                  build/startup_stm32f407xx.o
EXTI15_10_IRQHandler                              build/startup_stm32f407xx.o
EXTI1_IRQHandler                                  build/startup_stm32f407xx.o
EXTI2_IRQHandler                                  build/startup_stm32f407xx.o
EXTI3_IRQHandler                                  build/startup_stm32f407xx.o
EXTI4_IRQHandler                                  build/startup_stm32f407xx.o
EXTI9_5_IRQHandler                                build/startup_stm32f407xx.o
Error_Handler                                     build/main.o
                                                  build/usbh_conf.o
                                                  build/usb_host.o
FLASH_Erase_Sector                                build/stm32f4xx_hal_flash_ex.o
                                                  build/stm32f4xx_hal_flash.o
FLASH_FlushCaches                                 build/stm32f4xx_hal_flash_ex.o
                                                  build/stm32f4xx_hal_flash.o
FLASH_IRQHandler                                  build/startup_stm32f407xx.o
FLASH_WaitForLastOperation                        build/stm32f4xx_hal_flash.o
                                                  build/stm32f4xx_hal_flash_ex.o
FPU_IRQHandler                                    build/startup_stm32f407xx.o
FSMC_IRQHandler                                   build/startup_stm32f407xx.o
HAL_DBGMCU_DisableDBGSleepMode                    build/stm32f4xx_hal.o
HAL_DBGMCU_DisableDBGStandbyMode                  build/stm32f4xx_hal.o
HAL_DBGMCU_DisableDBGStopMode                     build/stm32f4xx_hal.o
HAL_DBGMCU_EnableDBGSleepMode                     build/stm32f4xx_hal.o
HAL_DBGMCU_EnableDBGStandbyMode                   build/stm32f4xx_hal.o
HAL_DBGMCU_EnableDBGStopMode                      build/stm32f4xx_hal.o
HAL_DMAEx_ChangeMemory                            build/stm32f4xx_hal_dma_ex.o
HAL_DMAEx_MultiBufferStart                        build/stm32f4xx_hal_dma_ex.o
HAL_DMAEx_MultiBufferStart_IT                     build/stm32f4xx_hal_dma_ex.o
HAL_DMA_Abort                                     build/stm32f4xx_hal_dma.o
                                                  build/stm32f4xx_hal_spi.o
                                                  build/stm32f4xx_hal_i2s.o
HAL_DMA_Abort_IT                                  build/stm32f4xx_hal_dma.o
                                                  build/stm32f4xx_hal_spi.o
                                                  build/stm32f4xx_hal_i2c.o
HAL_DMA_DeInit                                    build/stm32f4xx_hal_dma.o
HAL_DMA_GetError                                  build/stm32f4xx_hal_dma.o
                                                  build/stm32f4xx_hal_i2c.o
HAL_DMA_GetState                                  build/stm32f4xx_hal_dma.o
                                                  build/stm32f4xx_hal_i2c.o
HAL_DMA_IRQHandler                                build/stm32f4xx_hal_dma.o
HAL_DMA_Init                                      build/stm32f4xx_hal_dma.o
HAL_DMA_PollForTransfer                           build/stm32f4xx_hal_dma.o
HAL_DMA_RegisterCallback                          build/stm32f4xx_hal_dma.o
HAL_DMA_Start                                     build/stm32f4xx_hal_dma.o
HAL_DMA_Start_IT                                  build/stm32f4xx_hal_dma.o
                                                  build/stm32f4xx_hal_spi.o
                                                  build/stm32f4xx_hal_i2s_ex.o
                                                  build/stm32f4xx_hal_i2s.o
                                                  build/stm32f4xx_hal_i2c.o
HAL_DMA_UnRegisterCallback                        build/stm32f4xx_hal_dma.o
HAL_DeInit                                        build/stm32f4xx_hal.o
HAL_Delay                                         build/stm32f4xx_hal.o
                                                  build/usbh_conf.o
                                                  build/stm32f4xx_ll_usb.o
HAL_DisableCompensationCell                       build/stm32f4xx_hal.o
HAL_EXTI_ClearConfigLine                          build/stm32f4xx_hal_exti.o
HAL_EXTI_ClearPending                             build/stm32f4xx_hal_exti.o
HAL_EXTI_GenerateSWI                              build/stm32f4xx_hal_exti.o
HAL_EXTI_GetConfigLine                            build/stm32f4xx_hal_exti.o
HAL_EXTI_GetHandle                                build/stm32f4xx_hal_exti.o
HAL_EXTI_GetPending                               build/stm32f4xx_hal_exti.o
HAL_EXTI_IRQHandler                               build/stm32f4xx_hal_exti.o
HAL_EXTI_RegisterCallback                         build/stm32f4xx_hal_exti.o
HAL_EXTI_SetConfigLine                            build/stm32f4xx_hal_exti.o
HAL_EnableCompensationCell                        build/stm32f4xx_hal.o
HAL_FLASHEx_Erase                                 build/stm32f4xx_hal_flash_ex.o
HAL_FLASHEx_Erase_IT                              build/stm32f4xx_hal_flash_ex.o
HAL_FLASHEx_OBGetConfig                           build/stm32f4xx_hal_flash_ex.o
HAL_FLASHEx_OBProgram                             build/stm32f4xx_hal_flash_ex.o
HAL_FLASH_EndOfOperationCallback                  build/stm32f4xx_hal_flash.o
HAL_FLASH_GetError                                build/stm32f4xx_hal_flash.o
HAL_FLASH_IRQHandler                              build/stm32f4xx_hal_flash.o
HAL_FLASH_Lock                                    build/stm32f4xx_hal_flash.o
HAL_FLASH_OB_Launch                               build/stm32f4xx_hal_flash.o
HAL_FLASH_OB_Lock                                 build/stm32f4xx_hal_flash.o
HAL_FLASH_OB_Unlock                               build/stm32f4xx_hal_flash.o
HAL_FLASH_OperationErrorCallback                  build/stm32f4xx_hal_flash.o
HAL_FLASH_Program                                 build/stm32f4xx_hal_flash.o
HAL_FLASH_Program_IT                              build/stm32f4xx_hal_flash.o
HAL_FLASH_Unlock                                  build/stm32f4xx_hal_flash.o
HAL_GPIO_DeInit                                   build/stm32f4xx_hal_gpio.o
                                                  build/usbh_conf.o
                                                  build/stm32f4xx_hal_msp.o
HAL_GPIO_EXTI_Callback                            build/stm32f4xx_hal_gpio.o
HAL_GPIO_EXTI_IRQHandler                          build/stm32f4xx_hal_gpio.o
HAL_GPIO_Init                                     build/stm32f4xx_hal_gpio.o
                                                  build/usbh_conf.o
                                                  build/stm32f4xx_hal_msp.o
                                                  build/main.o
                                                  build/stm32f4xx_hal_rcc.o
HAL_GPIO_LockPin                                  build/stm32f4xx_hal_gpio.o
HAL_GPIO_ReadPin                                  build/stm32f4xx_hal_gpio.o
HAL_GPIO_TogglePin                                build/stm32f4xx_hal_gpio.o
HAL_GPIO_WritePin                                 build/stm32f4xx_hal_gpio.o
                                                  build/usbh_platform.o
                                                  build/main.o
HAL_GetDEVID                                      build/stm32f4xx_hal.o
HAL_GetHalVersion                                 build/stm32f4xx_hal.o
HAL_GetREVID                                      build/stm32f4xx_hal.o
HAL_GetTick                                       build/stm32f4xx_hal.o
                                                  build/stm32f4xx_hal_spi.o
                                                  build/stm32f4xx_hal_rcc_ex.o
                                                  build/stm32f4xx_hal_rcc.o
                                                  build/stm32f4xx_hal_pwr_ex.o
                                                  build/stm32f4xx_hal_i2s_ex.o
                                                  build/stm32f4xx_hal_i2s.o
                                                  build/stm32f4xx_hal_i2c.o
                                                  build/stm32f4xx_hal_flash.o
                                                  build/stm32f4xx_hal_dma.o
HAL_GetTickFreq                                   build/stm32f4xx_hal.o
HAL_GetTickPrio                                   build/stm32f4xx_hal.o
HAL_GetUIDw0                                      build/stm32f4xx_hal.o
HAL_GetUIDw1                                      build/stm32f4xx_hal.o
HAL_GetUIDw2                                      build/stm32f4xx_hal.o
HAL_HCD_Connect_Callback                          build/usbh_conf.o
                                                  build/stm32f4xx_hal_hcd.o
HAL_HCD_DeInit                                    build/stm32f4xx_hal_hcd.o
                                                  build/usbh_conf.o
HAL_HCD_Disconnect_Callback                       build/usbh_conf.o
                                                  build/stm32f4xx_hal_hcd.o
HAL_HCD_GetCurrentFrame                           build/stm32f4xx_hal_hcd.o
                                                  build/usbh_conf.o
HAL_HCD_GetCurrentSpeed                           build/stm32f4xx_hal_hcd.o
                                                  build/usbh_conf.o
HAL_HCD_GetState                                  build/stm32f4xx_hal_hcd.o
HAL_HCD_HC_GetState                               build/stm32f4xx_hal_hcd.o
HAL_HCD_HC_GetURBState                            build/stm32f4xx_hal_hcd.o
                                                  build/usbh_conf.o
HAL_HCD_HC_GetXferCount                           build/stm32f4xx_hal_hcd.o
                                                  build/usbh_conf.o
HAL_HCD_HC_Halt                                   build/stm32f4xx_hal_hcd.o
                                                  build/usbh_conf.o
HAL_HCD_HC_Init                                   build/stm32f4xx_hal_hcd.o
                                                  build/usbh_conf.o
HAL_HCD_HC_NotifyURBChange_Callback               build/usbh_conf.o
                                                  build/stm32f4xx_hal_hcd.o
HAL_HCD_HC_SubmitRequest                          build/stm32f4xx_hal_hcd.o
                                                  build/usbh_conf.o
HAL_HCD_IRQHandler                                build/stm32f4xx_hal_hcd.o
                                                  build/stm32f4xx_it.o
HAL_HCD_Init                                      build/stm32f4xx_hal_hcd.o
                                                  build/usbh_conf.o
HAL_HCD_MspDeInit                                 build/usbh_conf.o
                                                  build/stm32f4xx_hal_hcd.o
HAL_HCD_MspInit                                   build/usbh_conf.o
                                                  build/stm32f4xx_hal_hcd.o
HAL_HCD_PortDisabled_Callback                     build/usbh_conf.o
                                                  build/stm32f4xx_hal_hcd.o
HAL_HCD_PortEnabled_Callback                      build/usbh_conf.o
                                                  build/stm32f4xx_hal_hcd.o
HAL_HCD_ResetPort                                 build/stm32f4xx_hal_hcd.o
                                                  build/usbh_conf.o
HAL_HCD_SOF_Callback                              build/usbh_conf.o
                                                  build/stm32f4xx_hal_hcd.o
HAL_HCD_Start                                     build/stm32f4xx_hal_hcd.o
                                                  build/usbh_conf.o
HAL_HCD_Stop                                      build/stm32f4xx_hal_hcd.o
                                                  build/usbh_conf.o
HAL_HCD_WKUP_IRQHandler                           build/stm32f4xx_hal_hcd.o
HAL_I2C_AbortCpltCallback                         build/stm32f4xx_hal_i2c.o
HAL_I2C_AddrCallback                              build/stm32f4xx_hal_i2c.o
HAL_I2C_DeInit                                    build/stm32f4xx_hal_i2c.o
HAL_I2C_DisableListen_IT                          build/stm32f4xx_hal_i2c.o
HAL_I2C_ER_IRQHandler                             build/stm32f4xx_hal_i2c.o
HAL_I2C_EV_IRQHandler                             build/stm32f4xx_hal_i2c.o
HAL_I2C_EnableListen_IT                           build/stm32f4xx_hal_i2c.o
HAL_I2C_ErrorCallback                             build/stm32f4xx_hal_i2c.o
HAL_I2C_GetError                                  build/stm32f4xx_hal_i2c.o
HAL_I2C_GetMode                                   build/stm32f4xx_hal_i2c.o
HAL_I2C_GetState                                  build/stm32f4xx_hal_i2c.o
HAL_I2C_Init                                      build/stm32f4xx_hal_i2c.o
                                                  build/main.o
HAL_I2C_IsDeviceReady                             build/stm32f4xx_hal_i2c.o
HAL_I2C_ListenCpltCallback                        build/stm32f4xx_hal_i2c.o
HAL_I2C_MasterRxCpltCallback                      build/stm32f4xx_hal_i2c.o
HAL_I2C_MasterTxCpltCallback                      build/stm32f4xx_hal_i2c.o
HAL_I2C_Master_Abort_IT                           build/stm32f4xx_hal_i2c.o
HAL_I2C_Master_Receive                            build/stm32f4xx_hal_i2c.o
HAL_I2C_Master_Receive_DMA                        build/stm32f4xx_hal_i2c.o
HAL_I2C_Master_Receive_IT                         build/stm32f4xx_hal_i2c.o
HAL_I2C_Master_Seq_Receive_DMA                    build/stm32f4xx_hal_i2c.o
HAL_I2C_Master_Seq_Receive_IT                     build/stm32f4xx_hal_i2c.o
HAL_I2C_Master_Seq_Transmit_DMA                   build/stm32f4xx_hal_i2c.o
HAL_I2C_Master_Seq_Transmit_IT                    build/stm32f4xx_hal_i2c.o
HAL_I2C_Master_Transmit                           build/stm32f4xx_hal_i2c.o
HAL_I2C_Master_Transmit_DMA                       build/stm32f4xx_hal_i2c.o
HAL_I2C_Master_Transmit_IT                        build/stm32f4xx_hal_i2c.o
HAL_I2C_MemRxCpltCallback                         build/stm32f4xx_hal_i2c.o
HAL_I2C_MemTxCpltCallback                         build/stm32f4xx_hal_i2c.o
HAL_I2C_Mem_Read                                  build/stm32f4xx_hal_i2c.o
HAL_I2C_Mem_Read_DMA                              build/stm32f4xx_hal_i2c.o
HAL_I2C_Mem_Read_IT                               build/stm32f4xx_hal_i2c.o
HAL_I2C_Mem_Write                                 build/stm32f4xx_hal_i2c.o
HAL_I2C_Mem_Write_DMA                             build/stm32f4xx_hal_i2c.o
HAL_I2C_Mem_Write_IT                              build/stm32f4xx_hal_i2c.o
HAL_I2C_MspDeInit                                 build/stm32f4xx_hal_msp.o
                                                  build/stm32f4xx_hal_i2c.o
HAL_I2C_MspInit                                   build/stm32f4xx_hal_msp.o
                                                  build/stm32f4xx_hal_i2c.o
HAL_I2C_SlaveRxCpltCallback                       build/stm32f4xx_hal_i2c.o
HAL_I2C_SlaveTxCpltCallback                       build/stm32f4xx_hal_i2c.o
HAL_I2C_Slave_Receive                             build/stm32f4xx_hal_i2c.o
HAL_I2C_Slave_Receive_DMA                         build/stm32f4xx_hal_i2c.o
HAL_I2C_Slave_Receive_IT                          build/stm32f4xx_hal_i2c.o
HAL_I2C_Slave_Seq_Receive_DMA                     build/stm32f4xx_hal_i2c.o
HAL_I2C_Slave_Seq_Receive_IT                      build/stm32f4xx_hal_i2c.o
HAL_I2C_Slave_Seq_Transmit_DMA                    build/stm32f4xx_hal_i2c.o
HAL_I2C_Slave_Seq_Transmit_IT                     build/stm32f4xx_hal_i2c.o
HAL_I2C_Slave_Transmit                            build/stm32f4xx_hal_i2c.o
HAL_I2C_Slave_Transmit_DMA                        build/stm32f4xx_hal_i2c.o
HAL_I2C_Slave_Transmit_IT                         build/stm32f4xx_hal_i2c.o
HAL_I2SEx_FullDuplex_IRQHandler                   build/stm32f4xx_hal_i2s_ex.o
                                                  build/stm32f4xx_hal_i2s.o
HAL_I2SEx_TransmitReceive                         build/stm32f4xx_hal_i2s_ex.o
HAL_I2SEx_TransmitReceive_DMA                     build/stm32f4xx_hal_i2s_ex.o